Fechas LVN: 12
Rango efectivo: 2026-06-12 -> 2026-06-30
Raw footprint: C:\Users\k_99_\Desktop\codding\data_footprint_generator\lvn_research_raw
Ventana Replay: 09:29-10:00 ET (X10)
Reporte final: C:\Users\k_99_\Desktop\codding\OpeningRangeSetup\EddiewareOpeningRangeSetup\EddiewareOpeningRangeSetup\outputs\lvn_or_strategy_replay\lvn_retest_DST_2026-03-08_2026-07-08_retry.xlsx
IMPORTANTE: chart NQ 1 minuto + Volume_Profile_Eddieware; strategy NO requerida.
[atas_guard] no hay procesos OFT.Platform.
Esperando poder configurar Replay 10x: Abre y deja visible la ventana Replay de ATAS.
Esperando poder configurar Replay 10x: Abre y deja visible la ventana Replay de ATAS.
Esperando poder configurar Replay 10x: Abre y deja visible la ventana Replay de ATAS.
Esperando poder configurar Replay 10x: Abre y deja visible la ventana Replay de ATAS.
Esperando poder configurar Replay 10x: Abre y deja visible la ventana Replay de ATAS.
Esperando poder configurar Replay 10x: Abre y deja visible la ventana Replay de ATAS.
Esperando poder configurar Replay 10x: Abre y deja visible la ventana Replay de ATAS.
Esperando poder configurar Replay 10x: Abre y deja visible la ventana Replay de ATAS.
Esperando poder configurar Replay 10x: Abre y deja visible la ventana Replay de ATAS.
Esperando poder configurar Replay 10x: Abre y deja visible la ventana Replay de ATAS.
Esperando poder configurar Replay 10x: Abre y deja visible la ventana Replay de ATAS.
Esperando poder configurar Replay 10x: Abre y deja visible la ventana Replay de ATAS.
Esperando poder configurar Replay 10x: Abre y deja visible la ventana Replay de ATAS.
Esperando poder configurar Replay 10x: Abre y deja visible la ventana Replay de ATAS.
Esperando poder configurar Replay 10x: Abre y deja visible la ventana Replay de ATAS.
Esperando poder configurar Replay 10x: Abre y deja visible la ventana Replay de ATAS.
Esperando poder configurar Replay 10x: Abre y deja visible la ventana Replay de ATAS.
Esperando poder configurar Replay 10x: Abre y deja visible la ventana Replay de ATAS.
Esperando poder configurar Replay 10x: Abre y deja visible la ventana Replay de ATAS.
Esperando poder configurar Replay 10x: Abre y deja visible la ventana Replay de ATAS.
Esperando poder configurar Replay 10x: Abre y deja visible la ventana Replay de ATAS.
Esperando poder configurar Replay 10x: Abre y deja visible la ventana Replay de ATAS.
Esperando poder configurar Replay 10x: Abre y deja visible la ventana Replay de ATAS.
Esperando poder configurar Replay 10x: Abre y deja visible la ventana Replay de ATAS.
Esperando poder configurar Replay 10x: Abre y deja visible la ventana Replay de ATAS.
Esperando poder configurar Replay 10x: Abre y deja visible la ventana Replay de ATAS.
Esperando poder configurar Replay 10x: Abre y deja visible la ventana Replay de ATAS.
Esperando poder configurar Replay 10x: Abre y deja visible la ventana Replay de ATAS.
Esperando poder configurar Replay 10x: Abre y deja visible la ventana Replay de ATAS.
Esperando poder configurar Replay 10x: Abre y deja visible la ventana Replay de ATAS.
Esperando poder configurar Replay 10x: Abre y deja visible la ventana Replay de ATAS.
Esperando poder configurar Replay 10x: Abre y deja visible la ventana Replay de ATAS.
Esperando poder configurar Replay 10x: Abre y deja visible la ventana Replay de ATAS.
Esperando poder configurar Replay 10x: Abre y deja visible la ventana Replay de ATAS.
Esperando poder configurar Replay 10x: Abre y deja visible la ventana Replay de ATAS.
Esperando poder configurar Replay 10x: Abre y deja visible la ventana Replay de ATAS.
Esperando poder configurar Replay 10x: Abre y deja visible la ventana Replay de ATAS.
WARNING: no pude configurar Replay 10x: Abre y deja visible la ventana Replay de ATAS.
ERROR: no pude fijar Replay X10. Pon Replay al frente y reintenta.
