[1/100] existing_valid: NQ_MBO_2022-04-05_LB_20220405_093200_BUY_0001 records=11545 bytes=214879
[2/100] downloaded: NQ_MBO_2022-04-06_LB_20220406_093100_BUY_0001 records=13668 bytes=254745
[3/100] downloaded: NQ_MBO_2022-04-26_LB_20220426_093143_SELL_0001 records=10100 bytes=197241
[4/100] downloaded: NQ_MBO_2022-04-27_LB_20220427_093500_BUY_0001 records=13370 bytes=236893
[5/100] existing_valid: NQ_MBO_2022-05-04_LB_20220504_093301_SELL_0001 records=6278 bytes=122852
[6/100] downloaded: NQ_MBO_2022-05-09_LB_20220509_093112_BUY_0001 records=13401 bytes=253598
[7/100] downloaded: NQ_MBO_2022-05-18_LB_20220518_093457_BUY_0001 records=9470 bytes=181844
[8/100] existing_valid: NQ_MBO_2022-05-20_LB_20220520_093501_SELL_0001 records=13692 bytes=258046
[9/100] downloaded: NQ_MBO_2022-05-23_LB_20220523_093420_SELL_0001 records=9508 bytes=184331
[10/100] existing_valid: NQ_MBO_2022-05-27_LB_20220527_093100_BUY_0001 records=12854 bytes=241121
[11/100] downloaded: NQ_MBO_2022-06-08_LB_20220608_093102_SELL_0001 records=12533 bytes=229203
[12/100] downloaded: NQ_MBO_2022-06-13_LB_20220613_093107_SELL_0001 records=9938 bytes=197289
[13/100] downloaded: NQ_MBO_2022-06-27_LB_20220627_093202_SELL_0001 records=11875 bytes=230158
[14/100] downloaded: NQ_MBO_2022-07-18_LB_20220718_093105_SELL_0001 records=13927 bytes=258318
[15/100] downloaded: NQ_MBO_2022-07-19_LB_20220719_093600_SELL_0001 records=11411 bytes=212500
[16/100] downloaded: NQ_MBO_2022-07-20_LB_20220720_093414_BUY_0001 records=8789 bytes=170153
[17/100] downloaded: NQ_MBO_2022-07-26_LB_20220726_093111_SELL_0001 records=18439 bytes=344810
[18/100] existing_valid: NQ_MBO_2022-07-29_LB_20220729_093500_SELL_0001 records=14756 bytes=276265
[19/100] downloaded: NQ_MBO_2022-08-01_LB_20220801_093127_SELL_0001 records=14931 bytes=289339
[20/100] existing_valid: NQ_MBO_2022-08-04_LB_20220804_093511_BUY_0001 records=13426 bytes=258572
[21/100] downloaded: NQ_MBO_2022-08-09_LB_20220809_093105_SELL_0001 records=17888 bytes=340808
[22/100] downloaded: NQ_MBO_2022-08-15_LB_20220815_093300_BUY_0001 records=10859 bytes=197063
[23/100] downloaded: NQ_MBO_2022-08-17_LB_20220817_093558_BUY_0001 records=11631 bytes=218151
[24/100] downloaded: NQ_MBO_2022-08-31_LB_20220831_093400_SELL_0001 records=13998 bytes=257663
[25/100] downloaded: NQ_MBO_2022-09-01_LB_20220901_093124_SELL_0002 records=16225 bytes=313103
[26/100] downloaded: NQ_MBO_2022-09-06_LB_20220906_093405_BUY_0001 records=14433 bytes=267858
[27/100] existing_valid: NQ_MBO_2022-09-28_LB_20220928_093328_SELL_0001 records=10407 bytes=200128
[28/100] downloaded: NQ_MBO_2022-10-11_LB_20221011_093101_SELL_0001 records=11814 bytes=221315
[29/100] downloaded: NQ_MBO_2022-10-18_LB_20221018_093155_SELL_0001 records=12023 bytes=223016
[30/100] downloaded: NQ_MBO_2022-10-25_LB_20221025_093119_BUY_0001 records=8039 bytes=152529
[31/100] downloaded: NQ_MBO_2022-10-26_LB_20221026_093108_SELL_0002 records=14199 bytes=252866
[32/100] existing_valid: NQ_MBO_2022-10-27_LB_20221027_093628_SELL_0001 records=10876 bytes=206693
[33/100] existing_valid: NQ_MBO_2022-10-28_LB_20221028_093127_BUY_0001 records=12812 bytes=243633
[34/100] existing_valid: NQ_MBO_2022-11-03_LB_20221103_093349_BUY_0001 records=15665 bytes=285447
[35/100] existing_valid: NQ_MBO_2023-03-21_LB_20230321_093130_BUY_0001 records=7906 bytes=148127
[36/100] existing_valid: NQ_MBO_2023-03-28_LB_20230328_093202_SELL_0001 records=11965 bytes=222251
[37/100] downloaded: NQ_MBO_2023-04-03_LB_20230403_093250_BUY_0001 records=6162 bytes=117527
[38/100] existing_valid: NQ_MBO_2023-04-04_LB_20230404_093600_SELL_0001 records=8035 bytes=151916
[39/100] downloaded: NQ_MBO_2023-04-19_LB_20230419_093353_SELL_0001 records=12582 bytes=217021
[40/100] downloaded: NQ_MBO_2023-04-26_LB_20230426_093201_SELL_0001 records=17873 bytes=323967
[41/100] downloaded: NQ_MBO_2023-05-03_LB_20230503_093500_BUY_0001 records=8367 bytes=155019
[42/100] downloaded: NQ_MBO_2023-05-11_LB_20230511_093202_SELL_0001 records=16591 bytes=294365
[43/100] downloaded: NQ_MBO_2023-05-18_LB_20230518_093436_BUY_0001 records=5846 bytes=110931
[44/100] downloaded: NQ_MBO_2023-05-22_LB_20230522_093356_BUY_0001 records=12209 bytes=215517
[45/100] existing_valid: NQ_MBO_2023-05-26_LB_20230526_093357_BUY_0001 records=13304 bytes=225270
[46/100] downloaded: NQ_MBO_2023-05-31_LB_20230531_093156_BUY_0001 records=12824 bytes=236463
[47/100] downloaded: NQ_MBO_2023-06-05_LB_20230605_093500_BUY_0001 records=13529 bytes=231622
[48/100] downloaded: NQ_MBO_2023-06-13_LB_20230613_093139_SELL_0001 records=11820 bytes=230463
[49/100] existing_valid: NQ_MBO_2023-06-22_LB_20230622_093240_BUY_0001 records=11111 bytes=205004
[50/100] downloaded: NQ_MBO_2023-06-23_LB_20230623_093159_BUY_0001 records=9614 bytes=176884
[51/100] downloaded: NQ_MBO_2023-06-30_LB_20230630_093123_BUY_0001 records=8717 bytes=165098
[52/100] downloaded: NQ_MBO_2023-07-18_LB_20230718_093258_SELL_0002 records=12520 bytes=214330
[53/100] existing_valid: NQ_MBO_2023-07-20_LB_20230720_093345_SELL_0001 records=14094 bytes=247444
[54/100] downloaded: NQ_MBO_2023-07-27_LB_20230727_093300_BUY_0001 records=12491 bytes=211096
[55/100] downloaded: NQ_MBO_2023-08-08_LB_20230808_093726_SELL_0001 records=8382 bytes=155468
[56/100] downloaded: NQ_MBO_2023-08-24_LB_20230824_093139_SELL_0001 records=14370 bytes=259272
[57/100] downloaded: NQ_MBO_2023-08-25_LB_20230825_093257_BUY_0001 records=10854 bytes=195926
[58/100] downloaded: NQ_MBO_2023-08-29_LB_20230829_093105_SELL_0001 records=11788 bytes=216577
[59/100] existing_valid: NQ_MBO_2023-08-31_LB_20230831_093357_BUY_0001 records=13534 bytes=236082
[60/100] downloaded: NQ_MBO_2023-09-05_LB_20230905_093500_SELL_0002 records=10288 bytes=184810
[61/100] downloaded: NQ_MBO_2023-09-07_LB_20230907_093117_SELL_0001 records=19295 bytes=333186
[62/100] downloaded: NQ_MBO_2023-09-14_LB_20230914_093127_SELL_0001 records=17799 bytes=316719
[63/100] downloaded: NQ_MBO_2023-09-15_LB_20230915_093253_SELL_0001 records=12890 bytes=232246
[64/100] downloaded: NQ_MBO_2023-09-19_LB_20230919_093101_SELL_0001 records=14116 bytes=249742
[65/100] downloaded: NQ_MBO_2023-09-22_LB_20230922_093553_SELL_0001 records=7579 bytes=142980
[66/100] existing_valid: NQ_MBO_2023-09-26_LB_20230926_093118_SELL_0002 records=14879 bytes=272225
[67/100] downloaded: NQ_MBO_2023-09-27_LB_20230927_093102_BUY_0001 records=12736 bytes=234126
[68/100] downloaded: NQ_MBO_2023-10-02_LB_20231002_093150_BUY_0001 records=12879 bytes=232861
[69/100] existing_valid: NQ_MBO_2023-10-16_LB_20231016_093102_BUY_0001 records=15709 bytes=288069
[70/100] downloaded: NQ_MBO_2023-10-27_LB_20231027_093329_BUY_0001 records=18572 bytes=353630
[71/100] existing_valid: NQ_MBO_2023-11-02_LB_20231102_093203_SELL_0001 records=13918 bytes=249496
[72/100] downloaded: NQ_MBO_2024-03-18_LB_20240318_093121_BUY_0001 records=19949 bytes=357750
[73/100] downloaded: NQ_MBO_2024-04-02_LB_20240402_093358_SELL_0002 records=11125 bytes=208312
[74/100] existing_valid: NQ_MBO_2024-04-04_LB_20240404_093500_BUY_0001 records=8346 bytes=152463
[75/100] downloaded: NQ_MBO_2024-04-05_LB_20240405_093248_SELL_0001 records=15633 bytes=285577
[76/100] existing_valid: NQ_MBO_2024-04-09_LB_20240409_093342_SELL_0001 records=14065 bytes=264614
[77/100] downloaded: NQ_MBO_2024-04-17_LB_20240417_093502_SELL_0001 records=12507 bytes=228713
[78/100] downloaded: NQ_MBO_2024-04-18_LB_20240418_093109_SELL_0001 records=18004 bytes=339950
[79/100] downloaded: NQ_MBO_2024-04-23_LB_20240423_093145_BUY_0001 records=14150 bytes=263234
[80/100] downloaded: NQ_MBO_2024-04-26_LB_20240426_093151_SELL_0001 records=21640 bytes=404766
[81/100] downloaded: NQ_MBO_2024-05-02_LB_20240502_093112_SELL_0001 records=20721 bytes=383935
[82/100] downloaded: NQ_MBO_2024-05-03_LB_20240503_093157_SELL_0001 records=17522 bytes=330980
[83/100] existing_valid: NQ_MBO_2024-05-10_LB_20240510_093420_BUY_0001 records=7603 bytes=143257
[84/100] downloaded: NQ_MBO_2024-05-20_LB_20240520_093220_BUY_0001 records=13549 bytes=251467
[85/100] downloaded: NQ_MBO_2024-05-28_LB_20240528_093142_BUY_0001 records=13969 bytes=258774
[86/100] downloaded: NQ_MBO_2024-06-05_LB_20240605_093547_SELL_0002 records=9095 bytes=172791
[87/100] downloaded: NQ_MBO_2024-06-06_LB_20240606_093413_BUY_0001 records=7608 bytes=145851
[88/100] existing_valid: NQ_MBO_2024-06-11_LB_20240611_093350_BUY_0001 records=11270 bytes=202050
[89/100] downloaded: NQ_MBO_2024-06-13_LB_20240613_093209_BUY_0001 records=12819 bytes=241851
[90/100] downloaded: NQ_MBO_2024-06-14_LB_20240614_093644_BUY_0001 records=8036 bytes=150833
[91/100] downloaded: NQ_MBO_2024-07-08_LB_20240708_093223_BUY_0001 records=16411 bytes=303332
[92/100] downloaded: NQ_MBO_2024-07-12_LB_20240712_093101_BUY_0001 records=19324 bytes=356305
[93/100] existing_valid: NQ_MBO_2024-07-16_LB_20240716_093212_BUY_0001 records=14416 bytes=273019
[94/100] downloaded: NQ_MBO_2024-07-18_LB_20240718_093155_SELL_0001 records=17387 bytes=332221
[95/100] existing_valid: NQ_MBO_2024-07-22_LB_20240722_093156_SELL_0001 records=14850 bytes=279004
[96/100] existing_valid: NQ_MBO_2024-07-26_LB_20240726_093346_SELL_0001 records=11677 bytes=230396
[97/100] downloaded: NQ_MBO_2024-07-30_LB_20240730_093638_BUY_0001 records=9413 bytes=182216
[98/100] existing_valid: NQ_MBO_2024-08-08_LB_20240808_093753_SELL_0001 records=10105 bytes=191266
[99/100] existing_valid: NQ_MBO_2024-08-13_LB_20240813_093126_BUY_0001 records=10367 bytes=206170
[100/100] existing_valid: NQ_MBO_2024-08-14_LB_20240814_093352_SELL_0001 records=11230 bytes=223870
{
  "completed_rows": 100,
  "total_records": 1274719,
  "total_bytes": 23611127,
  "receipt": "C:\\Users\\k_99_\\Desktop\\codding\\data_footprint_generator\\databento_mbo\\liquidity_burst_pilot_20260720\\download_receipt_pilot100_20260722.json"
}
