{
  "created_at_utc": "2026-07-24T01:51:18.379558+00:00",
  "audit_pass": true,
  "discovery_only": true,
  "sealed_validation_rows": 0,
  "sealed_holdout_rows": 0,
  "rows": 100,
  "clean_A_B": 70,
  "primary_feature_family": "MATRIX_TRANSITIONS_SEQUENCES_PLUS_MBO_CORE",
  "primary_discovery_gate_passed": false,
  "pilot_status": "NO_SUPERA_PUERTA_DISCOVERY",
  "mbo_data_capability": "B_SIRVEN_PARCIALMENTE",
  "mbo_capability_summary": {
    "unique_orders": 620988,
    "left_censored_pct": 21.875301938201705,
    "snapshot_rows": 0,
    "bad_book_rows": 0,
    "ambiguous_cancel_fill_rows": 181,
    "post_cutoff_rows_excluded": 595
  },
  "capability_verdict": "NO_CAPABLE_WITHOUT_SEALED_VALIDATION",
  "final_telegram_verdict": "NO SOY CAPAZ DE SEPARAR UNA ABSORCION DE UN BREAKOUT LIMPIO\nPOR QUE: esta corrida contiene discovery 2022-2024, sin validacion sellada, y el MBO auditado tiene capacidad B parcial por falta de snapshot inicial.\nME FALTA: confirmar la separacion fuera de muestra; estado/cola inicial completos; y reloj comun MBO-DOM-tape para precedencia cruzada submilisegundo.\nNEXT STEPS: si MBO mejora al mejor bloque individual y supera la puerta temporal, construir la muestra adicional hasta 04/04/2022 excluyendo feriados CME/EE. UU. y sesiones sin actividad NQ; descargar solo sus ventanas necesarias; ejecutar una unica validacion sellada. Solo si esa validacion pasa se podra enviar: SOY CAPAZ DE SEPARAR UNA ABSORCION DE UN BREAKOUT LIMPIO.",
  "telegram_label": "ETIQUETA MATRIX+MBO | combinaciones mas efectivas\nMBO capability: B SIRVEN PARCIALMENTE | censura izquierda 21.88% | snapshot 0 | eventos post-cutoff excluidos 595\nMATRIX_SEQUENCES: n=70 | BA 0.550 [0.444,0.660] | AUC 0.483 | sens A 0.759 | esp B 0.341 | p_perm 0.2168 | min a\u00f1o/lado 0.470 | NO_SUPERA_PUERTA_DISCOVERY\nMATRIX_TRANSITIONS: n=70 | BA 0.542 [0.412,0.653] | AUC 0.597 | sens A 0.621 | esp B 0.463 | p_perm 0.2757 | min a\u00f1o/lado 0.446 | NO_SUPERA_PUERTA_DISCOVERY\nMATRIX_TRANSITIONS_SEQUENCES: n=70 | BA 0.495 [0.370,0.613] | AUC 0.529 | sens A 0.552 | esp B 0.439 | p_perm 0.5275 | min a\u00f1o/lado 0.423 | NO_SUPERA_PUERTA_DISCOVERY\nMetricas LOYO discovery; no son WR ni PF y no sustituyen validacion sellada.",
  "visuals": [
    "C:\\Users\\k_99_\\Desktop\\codding\\data_footprint_generator\\trade_results_score\\visual_tests\\04_run_replay_lb_matrix_mbo_pilot100_discovery_r1_runs\\scientific_analysis\\matrix_mbo_combination_effectiveness.png"
  ],
  "report": "C:\\Users\\k_99_\\Desktop\\codding\\data_footprint_generator\\trade_results_score\\visual_tests\\04_run_replay_lb_matrix_mbo_pilot100_discovery_r1_runs\\scientific_analysis\\final_matrix_mbo_discovery_report.md",
  "output_folder": "C:\\Users\\k_99_\\Desktop\\codding\\data_footprint_generator\\trade_results_score\\visual_tests\\04_run_replay_lb_matrix_mbo_pilot100_discovery_r1_runs\\scientific_analysis"
}
