[001/100] 2022-04-05 rows=11545
[002/100] 2022-04-06 rows=13668
[003/100] 2022-04-26 rows=10100
[004/100] 2022-04-27 rows=13370
[005/100] 2022-05-04 rows=6278
[006/100] 2022-05-09 rows=13401
[007/100] 2022-05-18 rows=9470
[008/100] 2022-05-20 rows=13692
[009/100] 2022-05-23 rows=9508
[010/100] 2022-05-27 rows=12854
[011/100] 2022-06-08 rows=12533
[012/100] 2022-06-13 rows=9938
[013/100] 2022-06-27 rows=11875
[014/100] 2022-07-18 rows=13927
[015/100] 2022-07-19 rows=11411
[016/100] 2022-07-20 rows=8789
[017/100] 2022-07-26 rows=18439
[018/100] 2022-07-29 rows=14756
[019/100] 2022-08-01 rows=14931
[020/100] 2022-08-04 rows=13426
[021/100] 2022-08-09 rows=17888
[022/100] 2022-08-15 rows=10859
[023/100] 2022-08-17 rows=11631
[024/100] 2022-08-31 rows=13998
[025/100] 2022-09-01 rows=16225
[026/100] 2022-09-06 rows=14433
[027/100] 2022-09-28 rows=10407
[028/100] 2022-10-11 rows=11814
[029/100] 2022-10-18 rows=12023
[030/100] 2022-10-25 rows=8039
[031/100] 2022-10-26 rows=14199
[032/100] 2022-10-27 rows=10876
[033/100] 2022-10-28 rows=12812
[034/100] 2022-11-03 rows=15665
[035/100] 2023-03-21 rows=7906
[036/100] 2023-03-28 rows=11965
[037/100] 2023-04-03 rows=6162
[038/100] 2023-04-04 rows=8035
[039/100] 2023-04-19 rows=12582
[040/100] 2023-04-26 rows=17873
[041/100] 2023-05-03 rows=8367
[042/100] 2023-05-11 rows=16591
[043/100] 2023-05-18 rows=5846
[044/100] 2023-05-22 rows=12209
[045/100] 2023-05-26 rows=13304
[046/100] 2023-05-31 rows=12824
[047/100] 2023-06-05 rows=13529
[048/100] 2023-06-13 rows=11820
[049/100] 2023-06-22 rows=11111
[050/100] 2023-06-23 rows=9614
[051/100] 2023-06-30 rows=8717
[052/100] 2023-07-18 rows=12520
[053/100] 2023-07-20 rows=14094
[054/100] 2023-07-27 rows=12491
[055/100] 2023-08-08 rows=8382
[056/100] 2023-08-24 rows=14370
[057/100] 2023-08-25 rows=10854
[058/100] 2023-08-29 rows=11788
[059/100] 2023-08-31 rows=13534
[060/100] 2023-09-05 rows=10288
[061/100] 2023-09-07 rows=19295
[062/100] 2023-09-14 rows=17799
[063/100] 2023-09-15 rows=12890
[064/100] 2023-09-19 rows=14116
[065/100] 2023-09-22 rows=7579
[066/100] 2023-09-26 rows=14879
[067/100] 2023-09-27 rows=12736
[068/100] 2023-10-02 rows=12879
[069/100] 2023-10-16 rows=15709
[070/100] 2023-10-27 rows=18572
[071/100] 2023-11-02 rows=13918
[072/100] 2024-03-18 rows=19949
[073/100] 2024-04-02 rows=11125
[074/100] 2024-04-04 rows=8346
[075/100] 2024-04-05 rows=15633
[076/100] 2024-04-09 rows=14065
[077/100] 2024-04-17 rows=12507
[078/100] 2024-04-18 rows=18004
[079/100] 2024-04-23 rows=14150
[080/100] 2024-04-26 rows=21640
[081/100] 2024-05-02 rows=20721
[082/100] 2024-05-03 rows=17522
[083/100] 2024-05-10 rows=7603
[084/100] 2024-05-20 rows=13549
[085/100] 2024-05-28 rows=13969
[086/100] 2024-06-05 rows=9095
[087/100] 2024-06-06 rows=7608
[088/100] 2024-06-11 rows=11270
[089/100] 2024-06-13 rows=12819
[090/100] 2024-06-14 rows=8036
[091/100] 2024-07-08 rows=16411
[092/100] 2024-07-12 rows=19324
[093/100] 2024-07-16 rows=14416
[094/100] 2024-07-18 rows=17387
[095/100] 2024-07-22 rows=14850
[096/100] 2024-07-26 rows=11677
[097/100] 2024-07-30 rows=9413
[098/100] 2024-08-08 rows=10105
[099/100] 2024-08-13 rows=10367
[100/100] 2024-08-14 rows=11230
{
  "verdict": "B_SIRVEN_PARCIALMENTE",
  "files": 100,
  "rows": 1274719,
  "outputs": [
    "C:\\Users\\k_99_\\Desktop\\codding\\OpeningRangeSetup\\EddiewareOpeningRangeSetup\\EddiewareOpeningRangeSetup\\contexto_features_atas\\MBO_DATA_CAPABILITY_AUDIT.md",
    "C:\\Users\\k_99_\\Desktop\\codding\\OpeningRangeSetup\\EddiewareOpeningRangeSetup\\EddiewareOpeningRangeSetup\\contexto_features_atas\\MBO_SCHEMA_INVENTORY.csv",
    "C:\\Users\\k_99_\\Desktop\\codding\\OpeningRangeSetup\\EddiewareOpeningRangeSetup\\EddiewareOpeningRangeSetup\\contexto_features_atas\\MBO_FIELD_COVERAGE.csv",
    "C:\\Users\\k_99_\\Desktop\\codding\\OpeningRangeSetup\\EddiewareOpeningRangeSetup\\EddiewareOpeningRangeSetup\\contexto_features_atas\\MBO_SESSION_QUALITY.csv",
    "C:\\Users\\k_99_\\Desktop\\codding\\OpeningRangeSetup\\EddiewareOpeningRangeSetup\\EddiewareOpeningRangeSetup\\contexto_features_atas\\MBO_EVENT_RECONCILIATION_SAMPLE.csv",
    "C:\\Users\\k_99_\\Desktop\\codding\\OpeningRangeSetup\\EddiewareOpeningRangeSetup\\EddiewareOpeningRangeSetup\\contexto_features_atas\\MBO_GAPS_AND_LIMITATIONS.md"
  ]
}
