[1/100] audited NQ_MBO_SNAPSHOT_2022-04-05_LB_20220405_093200_BUY_0001: reconciliation=100.0000% left_censored=0.0000% gate=PASS
[2/100] audited NQ_MBO_SNAPSHOT_2022-04-06_LB_20220406_093100_BUY_0001: reconciliation=99.9999% left_censored=0.0001% gate=PASS
[3/100] audited NQ_MBO_SNAPSHOT_2022-04-26_LB_20220426_093143_SELL_0001: reconciliation=100.0000% left_censored=0.0000% gate=PASS
[4/100] audited NQ_MBO_SNAPSHOT_2022-04-27_LB_20220427_093500_BUY_0001: reconciliation=100.0000% left_censored=0.0000% gate=PASS
[5/100] audited NQ_MBO_SNAPSHOT_2022-05-04_LB_20220504_093301_SELL_0001: reconciliation=99.9999% left_censored=0.0001% gate=PASS
[6/100] audited NQ_MBO_SNAPSHOT_2022-05-09_LB_20220509_093112_BUY_0001: reconciliation=100.0000% left_censored=0.0001% gate=PASS
[7/100] audited NQ_MBO_SNAPSHOT_2022-05-18_LB_20220518_093457_BUY_0001: reconciliation=99.9999% left_censored=0.0001% gate=PASS
[8/100] audited NQ_MBO_SNAPSHOT_2022-05-20_LB_20220520_093501_SELL_0001: reconciliation=100.0000% left_censored=0.0000% gate=PASS
[9/100] audited NQ_MBO_SNAPSHOT_2022-05-23_LB_20220523_093420_SELL_0001: reconciliation=100.0000% left_censored=0.0000% gate=PASS
[10/100] audited NQ_MBO_SNAPSHOT_2022-05-27_LB_20220527_093100_BUY_0001: reconciliation=99.9999% left_censored=0.0001% gate=PASS
[11/100] audited NQ_MBO_SNAPSHOT_2022-06-08_LB_20220608_093102_SELL_0001: reconciliation=100.0000% left_censored=0.0000% gate=PASS
[12/100] audited NQ_MBO_SNAPSHOT_2022-06-13_LB_20220613_093107_SELL_0001: reconciliation=100.0000% left_censored=0.0000% gate=PASS
[13/100] audited NQ_MBO_SNAPSHOT_2022-06-27_LB_20220627_093202_SELL_0001: reconciliation=99.9999% left_censored=0.0001% gate=PASS
[14/100] audited NQ_MBO_SNAPSHOT_2022-07-18_LB_20220718_093105_SELL_0001: reconciliation=100.0000% left_censored=0.0000% gate=PASS
[15/100] audited NQ_MBO_SNAPSHOT_2022-07-19_LB_20220719_093600_SELL_0001: reconciliation=100.0000% left_censored=0.0000% gate=PASS
[16/100] audited NQ_MBO_SNAPSHOT_2022-07-20_LB_20220720_093414_BUY_0001: reconciliation=100.0000% left_censored=0.0000% gate=PASS
[17/100] audited NQ_MBO_SNAPSHOT_2022-07-26_LB_20220726_093111_SELL_0001: reconciliation=99.9999% left_censored=0.0002% gate=PASS
[18/100] audited NQ_MBO_SNAPSHOT_2022-07-29_LB_20220729_093500_SELL_0001: reconciliation=100.0000% left_censored=0.0000% gate=PASS
[19/100] audited NQ_MBO_SNAPSHOT_2022-08-01_LB_20220801_093127_SELL_0001: reconciliation=99.9998% left_censored=0.0003% gate=PASS
[20/100] audited NQ_MBO_SNAPSHOT_2022-08-04_LB_20220804_093511_BUY_0001: reconciliation=99.9999% left_censored=0.0001% gate=PASS
[21/100] audited NQ_MBO_SNAPSHOT_2022-08-09_LB_20220809_093105_SELL_0001: reconciliation=100.0000% left_censored=0.0000% gate=PASS
[22/100] audited NQ_MBO_SNAPSHOT_2022-08-15_LB_20220815_093300_BUY_0001: reconciliation=100.0000% left_censored=0.0000% gate=PASS
[23/100] audited NQ_MBO_SNAPSHOT_2022-08-17_LB_20220817_093558_BUY_0001: reconciliation=99.9999% left_censored=0.0001% gate=PASS
[24/100] audited NQ_MBO_SNAPSHOT_2022-08-31_LB_20220831_093400_SELL_0001: reconciliation=100.0000% left_censored=0.0000% gate=PASS
[25/100] audited NQ_MBO_SNAPSHOT_2022-09-01_LB_20220901_093124_SELL_0002: reconciliation=100.0000% left_censored=0.0000% gate=PASS
[26/100] audited NQ_MBO_SNAPSHOT_2022-09-06_LB_20220906_093405_BUY_0001: reconciliation=99.9999% left_censored=0.0001% gate=PASS
[27/100] audited NQ_MBO_SNAPSHOT_2022-09-28_LB_20220928_093328_SELL_0001: reconciliation=100.0000% left_censored=0.0000% gate=PASS
[28/100] audited NQ_MBO_SNAPSHOT_2022-10-11_LB_20221011_093101_SELL_0001: reconciliation=100.0000% left_censored=0.0001% gate=PASS
[29/100] audited NQ_MBO_SNAPSHOT_2022-10-18_LB_20221018_093155_SELL_0001: reconciliation=100.0000% left_censored=0.0000% gate=PASS
[30/100] audited NQ_MBO_SNAPSHOT_2022-10-25_LB_20221025_093119_BUY_0001: reconciliation=100.0000% left_censored=0.0000% gate=PASS
[31/100] audited NQ_MBO_SNAPSHOT_2022-10-26_LB_20221026_093108_SELL_0002: reconciliation=100.0000% left_censored=0.0000% gate=PASS
[32/100] audited NQ_MBO_SNAPSHOT_2022-10-27_LB_20221027_093628_SELL_0001: reconciliation=100.0000% left_censored=0.0001% gate=PASS
[33/100] audited NQ_MBO_SNAPSHOT_2022-10-28_LB_20221028_093127_BUY_0001: reconciliation=99.9992% left_censored=0.0013% gate=PASS
[34/100] audited NQ_MBO_SNAPSHOT_2022-11-03_LB_20221103_093349_BUY_0001: reconciliation=100.0000% left_censored=0.0000% gate=PASS
[35/100] audited NQ_MBO_SNAPSHOT_2023-03-21_LB_20230321_093130_BUY_0001: reconciliation=100.0000% left_censored=0.0000% gate=PASS
[36/100] audited NQ_MBO_SNAPSHOT_2023-03-28_LB_20230328_093202_SELL_0001: reconciliation=100.0000% left_censored=0.0000% gate=PASS
[37/100] audited NQ_MBO_SNAPSHOT_2023-04-03_LB_20230403_093250_BUY_0001: reconciliation=100.0000% left_censored=0.0000% gate=PASS
[38/100] audited NQ_MBO_SNAPSHOT_2023-04-04_LB_20230404_093600_SELL_0001: reconciliation=99.9999% left_censored=0.0002% gate=PASS
[39/100] audited NQ_MBO_SNAPSHOT_2023-04-19_LB_20230419_093353_SELL_0001: reconciliation=99.9999% left_censored=0.0001% gate=PASS
[40/100] audited NQ_MBO_SNAPSHOT_2023-04-26_LB_20230426_093201_SELL_0001: reconciliation=99.9999% left_censored=0.0001% gate=PASS
[41/100] audited NQ_MBO_SNAPSHOT_2023-05-03_LB_20230503_093500_BUY_0001: reconciliation=100.0000% left_censored=0.0000% gate=PASS
[42/100] audited NQ_MBO_SNAPSHOT_2023-05-11_LB_20230511_093202_SELL_0001: reconciliation=100.0000% left_censored=0.0000% gate=PASS
[43/100] audited NQ_MBO_SNAPSHOT_2023-05-18_LB_20230518_093436_BUY_0001: reconciliation=100.0000% left_censored=0.0000% gate=PASS
[44/100] audited NQ_MBO_SNAPSHOT_2023-05-22_LB_20230522_093356_BUY_0001: reconciliation=99.9999% left_censored=0.0002% gate=PASS
[45/100] audited NQ_MBO_SNAPSHOT_2023-05-26_LB_20230526_093357_BUY_0001: reconciliation=100.0000% left_censored=0.0000% gate=PASS
[46/100] audited NQ_MBO_SNAPSHOT_2023-05-31_LB_20230531_093156_BUY_0001: reconciliation=100.0000% left_censored=0.0000% gate=PASS
[47/100] audited NQ_MBO_SNAPSHOT_2023-06-05_LB_20230605_093500_BUY_0001: reconciliation=100.0000% left_censored=0.0000% gate=PASS
[48/100] audited NQ_MBO_SNAPSHOT_2023-06-13_LB_20230613_093139_SELL_0001: reconciliation=100.0000% left_censored=0.0000% gate=PASS
[49/100] audited NQ_MBO_SNAPSHOT_2023-06-22_LB_20230622_093240_BUY_0001: reconciliation=100.0000% left_censored=0.0000% gate=PASS
[50/100] audited NQ_MBO_SNAPSHOT_2023-06-23_LB_20230623_093159_BUY_0001: reconciliation=100.0000% left_censored=0.0000% gate=PASS
[51/100] audited NQ_MBO_SNAPSHOT_2023-06-30_LB_20230630_093123_BUY_0001: reconciliation=100.0000% left_censored=0.0000% gate=PASS
[52/100] audited NQ_MBO_SNAPSHOT_2023-07-18_LB_20230718_093258_SELL_0002: reconciliation=100.0000% left_censored=0.0000% gate=PASS
[53/100] audited NQ_MBO_SNAPSHOT_2023-07-20_LB_20230720_093345_SELL_0001: reconciliation=100.0000% left_censored=0.0000% gate=PASS
[54/100] audited NQ_MBO_SNAPSHOT_2023-07-27_LB_20230727_093300_BUY_0001: reconciliation=99.9999% left_censored=0.0001% gate=PASS
[55/100] audited NQ_MBO_SNAPSHOT_2023-08-08_LB_20230808_093726_SELL_0001: reconciliation=100.0000% left_censored=0.0000% gate=PASS
[56/100] audited NQ_MBO_SNAPSHOT_2023-08-24_LB_20230824_093139_SELL_0001: reconciliation=100.0000% left_censored=0.0000% gate=PASS
[57/100] audited NQ_MBO_SNAPSHOT_2023-08-25_LB_20230825_093257_BUY_0001: reconciliation=100.0000% left_censored=0.0000% gate=PASS
[58/100] audited NQ_MBO_SNAPSHOT_2023-08-29_LB_20230829_093105_SELL_0001: reconciliation=100.0000% left_censored=0.0000% gate=PASS
[59/100] audited NQ_MBO_SNAPSHOT_2023-08-31_LB_20230831_093357_BUY_0001: reconciliation=99.9999% left_censored=0.0001% gate=PASS
[60/100] audited NQ_MBO_SNAPSHOT_2023-09-05_LB_20230905_093500_SELL_0002: reconciliation=100.0000% left_censored=0.0000% gate=PASS
[61/100] audited NQ_MBO_SNAPSHOT_2023-09-07_LB_20230907_093117_SELL_0001: reconciliation=99.9999% left_censored=0.0002% gate=PASS
[62/100] audited NQ_MBO_SNAPSHOT_2023-09-14_LB_20230914_093127_SELL_0001: reconciliation=99.9999% left_censored=0.0002% gate=PASS
[63/100] audited NQ_MBO_SNAPSHOT_2023-09-15_LB_20230915_093253_SELL_0001: reconciliation=100.0000% left_censored=0.0000% gate=PASS
[64/100] audited NQ_MBO_SNAPSHOT_2023-09-19_LB_20230919_093101_SELL_0001: reconciliation=100.0000% left_censored=0.0000% gate=PASS
[65/100] audited NQ_MBO_SNAPSHOT_2023-09-22_LB_20230922_093553_SELL_0001: reconciliation=100.0000% left_censored=0.0000% gate=PASS
[66/100] audited NQ_MBO_SNAPSHOT_2023-09-26_LB_20230926_093118_SELL_0002: reconciliation=99.9999% left_censored=0.0001% gate=PASS
[67/100] audited NQ_MBO_SNAPSHOT_2023-09-27_LB_20230927_093102_BUY_0001: reconciliation=100.0000% left_censored=0.0000% gate=PASS
[68/100] audited NQ_MBO_SNAPSHOT_2023-10-02_LB_20231002_093150_BUY_0001: reconciliation=100.0000% left_censored=0.0000% gate=PASS
[69/100] audited NQ_MBO_SNAPSHOT_2023-10-16_LB_20231016_093102_BUY_0001: reconciliation=100.0000% left_censored=0.0000% gate=PASS
[70/100] audited NQ_MBO_SNAPSHOT_2023-10-27_LB_20231027_093329_BUY_0001: reconciliation=100.0000% left_censored=0.0000% gate=PASS
[71/100] audited NQ_MBO_SNAPSHOT_2023-11-02_LB_20231102_093203_SELL_0001: reconciliation=99.9999% left_censored=0.0001% gate=PASS
[72/100] audited NQ_MBO_SNAPSHOT_2024-03-18_LB_20240318_093121_BUY_0001: reconciliation=100.0000% left_censored=0.0000% gate=PASS
[73/100] audited NQ_MBO_SNAPSHOT_2024-04-02_LB_20240402_093358_SELL_0002: reconciliation=100.0000% left_censored=0.0000% gate=PASS
[74/100] audited NQ_MBO_SNAPSHOT_2024-04-04_LB_20240404_093500_BUY_0001: reconciliation=100.0000% left_censored=0.0000% gate=PASS
[75/100] audited NQ_MBO_SNAPSHOT_2024-04-05_LB_20240405_093248_SELL_0001: reconciliation=100.0000% left_censored=0.0000% gate=PASS
[76/100] audited NQ_MBO_SNAPSHOT_2024-04-09_LB_20240409_093342_SELL_0001: reconciliation=100.0000% left_censored=0.0000% gate=PASS
[77/100] audited NQ_MBO_SNAPSHOT_2024-04-17_LB_20240417_093502_SELL_0001: reconciliation=100.0000% left_censored=0.0000% gate=PASS
[78/100] audited NQ_MBO_SNAPSHOT_2024-04-18_LB_20240418_093109_SELL_0001: reconciliation=100.0000% left_censored=0.0000% gate=PASS
[79/100] audited NQ_MBO_SNAPSHOT_2024-04-23_LB_20240423_093145_BUY_0001: reconciliation=100.0000% left_censored=0.0000% gate=PASS
[80/100] audited NQ_MBO_SNAPSHOT_2024-04-26_LB_20240426_093151_SELL_0001: reconciliation=100.0000% left_censored=0.0000% gate=PASS
[81/100] audited NQ_MBO_SNAPSHOT_2024-05-02_LB_20240502_093112_SELL_0001: reconciliation=100.0000% left_censored=0.0000% gate=PASS
[82/100] audited NQ_MBO_SNAPSHOT_2024-05-03_LB_20240503_093157_SELL_0001: reconciliation=100.0000% left_censored=0.0000% gate=PASS
[83/100] audited NQ_MBO_SNAPSHOT_2024-05-10_LB_20240510_093420_BUY_0001: reconciliation=99.9999% left_censored=0.0002% gate=PASS
[84/100] audited NQ_MBO_SNAPSHOT_2024-05-20_LB_20240520_093220_BUY_0001: reconciliation=100.0000% left_censored=0.0000% gate=PASS
[85/100] audited NQ_MBO_SNAPSHOT_2024-05-28_LB_20240528_093142_BUY_0001: reconciliation=99.9998% left_censored=0.0003% gate=PASS
[86/100] audited NQ_MBO_SNAPSHOT_2024-06-05_LB_20240605_093547_SELL_0002: reconciliation=100.0000% left_censored=0.0000% gate=PASS
[87/100] audited NQ_MBO_SNAPSHOT_2024-06-06_LB_20240606_093413_BUY_0001: reconciliation=100.0000% left_censored=0.0000% gate=PASS
[88/100] audited NQ_MBO_SNAPSHOT_2024-06-11_LB_20240611_093350_BUY_0001: reconciliation=100.0000% left_censored=0.0000% gate=PASS
[89/100] audited NQ_MBO_SNAPSHOT_2024-06-13_LB_20240613_093209_BUY_0001: reconciliation=100.0000% left_censored=0.0000% gate=PASS
[90/100] audited NQ_MBO_SNAPSHOT_2024-06-14_LB_20240614_093644_BUY_0001: reconciliation=100.0000% left_censored=0.0000% gate=PASS
[91/100] audited NQ_MBO_SNAPSHOT_2024-07-08_LB_20240708_093223_BUY_0001: reconciliation=100.0000% left_censored=0.0000% gate=PASS
[92/100] audited NQ_MBO_SNAPSHOT_2024-07-12_LB_20240712_093101_BUY_0001: reconciliation=100.0000% left_censored=0.0000% gate=PASS
[93/100] audited NQ_MBO_SNAPSHOT_2024-07-16_LB_20240716_093212_BUY_0001: reconciliation=100.0000% left_censored=0.0000% gate=PASS
[94/100] audited NQ_MBO_SNAPSHOT_2024-07-18_LB_20240718_093155_SELL_0001: reconciliation=100.0000% left_censored=0.0000% gate=PASS
[95/100] audited NQ_MBO_SNAPSHOT_2024-07-22_LB_20240722_093156_SELL_0001: reconciliation=99.9999% left_censored=0.0002% gate=PASS
[96/100] audited NQ_MBO_SNAPSHOT_2024-07-26_LB_20240726_093346_SELL_0001: reconciliation=100.0000% left_censored=0.0000% gate=PASS
[97/100] audited NQ_MBO_SNAPSHOT_2024-07-30_LB_20240730_093638_BUY_0001: reconciliation=100.0000% left_censored=0.0000% gate=PASS
[98/100] audited NQ_MBO_SNAPSHOT_2024-08-08_LB_20240808_093753_SELL_0001: reconciliation=100.0000% left_censored=0.0000% gate=PASS
[99/100] audited NQ_MBO_SNAPSHOT_2024-08-13_LB_20240813_093126_BUY_0001: reconciliation=100.0000% left_censored=0.0000% gate=PASS
[100/100] audited NQ_MBO_SNAPSHOT_2024-08-14_LB_20240814_093352_SELL_0001: reconciliation=99.9999% left_censored=0.0001% gate=PASS
{
  "created_at_utc": "2026-07-24T03:49:05.272413+00:00",
  "sessions": 100,
  "total_records": 257564810,
  "total_bytes": 5142244260,
  "snapshot_sessions_passed": 100,
  "contract_sessions_passed": 100,
  "bad_book_rows": 0,
  "sequence_regressions": 0,
  "minimum_internal_reconciliation_pct": 99.99917591060667,
  "maximum_left_censored_order_pct": 0.001256321328567195,
  "attacked_levels_sessions_passed": 100,
  "cutoff_sessions_passed": 100,
  "footprint_atas_comparison_used_as_gate": false,
  "technical_gate_passed": true,
  "next_action": "READY_FOR_PREREGISTERED_FEATURE_EXTRACTION",
  "csv_output": "C:\\Users\\k_99_\\Desktop\\codding\\OpeningRangeSetup\\EddiewareOpeningRangeSetup\\EddiewareOpeningRangeSetup\\contexto_features_atas\\MBO_SNAPSHOT_DISCOVERY_100_AUDIT_20260723.csv",
  "md_output": "C:\\Users\\k_99_\\Desktop\\codding\\OpeningRangeSetup\\EddiewareOpeningRangeSetup\\EddiewareOpeningRangeSetup\\contexto_features_atas\\MBO_SNAPSHOT_DISCOVERY_100_AUDIT_20260723.md"
}
