[1/100] symbology resolved for NQ_MBO_SNAPSHOT_2022-04-05_LB_20220405_093200_BUY_0001: instrument_id=2895, raw_symbol=NQM2
[2/100] symbology resolved for NQ_MBO_SNAPSHOT_2022-04-06_LB_20220406_093100_BUY_0001: instrument_id=2895, raw_symbol=NQM2
[3/100] symbology resolved for NQ_MBO_SNAPSHOT_2022-04-26_LB_20220426_093143_SELL_0001: instrument_id=2895, raw_symbol=NQM2
[4/100] symbology resolved for NQ_MBO_SNAPSHOT_2022-04-27_LB_20220427_093500_BUY_0001: instrument_id=2895, raw_symbol=NQM2
[5/100] symbology resolved for NQ_MBO_SNAPSHOT_2022-05-04_LB_20220504_093301_SELL_0001: instrument_id=2895, raw_symbol=NQM2
[6/100] symbology resolved for NQ_MBO_SNAPSHOT_2022-05-09_LB_20220509_093112_BUY_0001: instrument_id=2895, raw_symbol=NQM2
[7/100] symbology resolved for NQ_MBO_SNAPSHOT_2022-05-18_LB_20220518_093457_BUY_0001: instrument_id=2895, raw_symbol=NQM2
[8/100] symbology resolved for NQ_MBO_SNAPSHOT_2022-05-20_LB_20220520_093501_SELL_0001: instrument_id=2895, raw_symbol=NQM2
[9/100] symbology resolved for NQ_MBO_SNAPSHOT_2022-05-23_LB_20220523_093420_SELL_0001: instrument_id=2895, raw_symbol=NQM2
[10/100] symbology resolved for NQ_MBO_SNAPSHOT_2022-05-27_LB_20220527_093100_BUY_0001: instrument_id=2895, raw_symbol=NQM2
[11/100] symbology resolved for NQ_MBO_SNAPSHOT_2022-06-08_LB_20220608_093102_SELL_0001: instrument_id=2895, raw_symbol=NQM2
[12/100] symbology resolved for NQ_MBO_SNAPSHOT_2022-06-13_LB_20220613_093107_SELL_0001: instrument_id=2895, raw_symbol=NQM2
[13/100] symbology resolved for NQ_MBO_SNAPSHOT_2022-06-27_LB_20220627_093202_SELL_0001: instrument_id=10391, raw_symbol=NQU2
[14/100] symbology resolved for NQ_MBO_SNAPSHOT_2022-07-18_LB_20220718_093105_SELL_0001: instrument_id=10391, raw_symbol=NQU2
[15/100] symbology resolved for NQ_MBO_SNAPSHOT_2022-07-19_LB_20220719_093600_SELL_0001: instrument_id=10391, raw_symbol=NQU2
[16/100] symbology resolved for NQ_MBO_SNAPSHOT_2022-07-20_LB_20220720_093414_BUY_0001: instrument_id=10391, raw_symbol=NQU2
[17/100] symbology resolved for NQ_MBO_SNAPSHOT_2022-07-26_LB_20220726_093111_SELL_0001: instrument_id=10391, raw_symbol=NQU2
[18/100] symbology resolved for NQ_MBO_SNAPSHOT_2022-07-29_LB_20220729_093500_SELL_0001: instrument_id=10391, raw_symbol=NQU2
[19/100] symbology resolved for NQ_MBO_SNAPSHOT_2022-08-01_LB_20220801_093127_SELL_0001: instrument_id=10391, raw_symbol=NQU2
[20/100] symbology resolved for NQ_MBO_SNAPSHOT_2022-08-04_LB_20220804_093511_BUY_0001: instrument_id=10391, raw_symbol=NQU2
[21/100] symbology resolved for NQ_MBO_SNAPSHOT_2022-08-09_LB_20220809_093105_SELL_0001: instrument_id=10391, raw_symbol=NQU2
[22/100] symbology resolved for NQ_MBO_SNAPSHOT_2022-08-15_LB_20220815_093300_BUY_0001: instrument_id=10391, raw_symbol=NQU2
[23/100] symbology resolved for NQ_MBO_SNAPSHOT_2022-08-17_LB_20220817_093558_BUY_0001: instrument_id=10391, raw_symbol=NQU2
[24/100] symbology resolved for NQ_MBO_SNAPSHOT_2022-08-31_LB_20220831_093400_SELL_0001: instrument_id=10391, raw_symbol=NQU2
[25/100] symbology resolved for NQ_MBO_SNAPSHOT_2022-09-01_LB_20220901_093124_SELL_0002: instrument_id=10391, raw_symbol=NQU2
[26/100] symbology resolved for NQ_MBO_SNAPSHOT_2022-09-06_LB_20220906_093405_BUY_0001: instrument_id=10391, raw_symbol=NQU2
[27/100] symbology resolved for NQ_MBO_SNAPSHOT_2022-09-28_LB_20220928_093328_SELL_0001: instrument_id=13613, raw_symbol=NQZ2
[28/100] symbology resolved for NQ_MBO_SNAPSHOT_2022-10-11_LB_20221011_093101_SELL_0001: instrument_id=13613, raw_symbol=NQZ2
[29/100] symbology resolved for NQ_MBO_SNAPSHOT_2022-10-18_LB_20221018_093155_SELL_0001: instrument_id=13613, raw_symbol=NQZ2
[30/100] symbology resolved for NQ_MBO_SNAPSHOT_2022-10-25_LB_20221025_093119_BUY_0001: instrument_id=13613, raw_symbol=NQZ2
[31/100] symbology resolved for NQ_MBO_SNAPSHOT_2022-10-26_LB_20221026_093108_SELL_0002: instrument_id=13613, raw_symbol=NQZ2
[32/100] symbology resolved for NQ_MBO_SNAPSHOT_2022-10-27_LB_20221027_093628_SELL_0001: instrument_id=13613, raw_symbol=NQZ2
[33/100] symbology resolved for NQ_MBO_SNAPSHOT_2022-10-28_LB_20221028_093127_BUY_0001: instrument_id=13613, raw_symbol=NQZ2
[34/100] symbology resolved for NQ_MBO_SNAPSHOT_2022-11-03_LB_20221103_093349_BUY_0001: instrument_id=13613, raw_symbol=NQZ2
[35/100] symbology resolved for NQ_MBO_SNAPSHOT_2023-03-21_LB_20230321_093130_BUY_0001: instrument_id=3522, raw_symbol=NQM3
[36/100] symbology resolved for NQ_MBO_SNAPSHOT_2023-03-28_LB_20230328_093202_SELL_0001: instrument_id=3522, raw_symbol=NQM3
[37/100] symbology resolved for NQ_MBO_SNAPSHOT_2023-04-03_LB_20230403_093250_BUY_0001: instrument_id=3522, raw_symbol=NQM3
[38/100] symbology resolved for NQ_MBO_SNAPSHOT_2023-04-04_LB_20230404_093600_SELL_0001: instrument_id=3522, raw_symbol=NQM3
[39/100] symbology resolved for NQ_MBO_SNAPSHOT_2023-04-19_LB_20230419_093353_SELL_0001: instrument_id=3522, raw_symbol=NQM3
[40/100] symbology resolved for NQ_MBO_SNAPSHOT_2023-04-26_LB_20230426_093201_SELL_0001: instrument_id=3522, raw_symbol=NQM3
[41/100] symbology resolved for NQ_MBO_SNAPSHOT_2023-05-03_LB_20230503_093500_BUY_0001: instrument_id=3522, raw_symbol=NQM3
[42/100] symbology resolved for NQ_MBO_SNAPSHOT_2023-05-11_LB_20230511_093202_SELL_0001: instrument_id=3522, raw_symbol=NQM3
[43/100] symbology resolved for NQ_MBO_SNAPSHOT_2023-05-18_LB_20230518_093436_BUY_0001: instrument_id=3522, raw_symbol=NQM3
[44/100] symbology resolved for NQ_MBO_SNAPSHOT_2023-05-22_LB_20230522_093356_BUY_0001: instrument_id=3522, raw_symbol=NQM3
[45/100] symbology resolved for NQ_MBO_SNAPSHOT_2023-05-26_LB_20230526_093357_BUY_0001: instrument_id=3522, raw_symbol=NQM3
[46/100] symbology resolved for NQ_MBO_SNAPSHOT_2023-05-31_LB_20230531_093156_BUY_0001: instrument_id=3522, raw_symbol=NQM3
[47/100] symbology resolved for NQ_MBO_SNAPSHOT_2023-06-05_LB_20230605_093500_BUY_0001: instrument_id=3522, raw_symbol=NQM3
[48/100] symbology resolved for NQ_MBO_SNAPSHOT_2023-06-13_LB_20230613_093139_SELL_0001: instrument_id=3522, raw_symbol=NQM3
[49/100] symbology resolved for NQ_MBO_SNAPSHOT_2023-06-22_LB_20230622_093240_BUY_0001: instrument_id=2130, raw_symbol=NQU3
[50/100] symbology resolved for NQ_MBO_SNAPSHOT_2023-06-23_LB_20230623_093159_BUY_0001: instrument_id=2130, raw_symbol=NQU3
[51/100] symbology resolved for NQ_MBO_SNAPSHOT_2023-06-30_LB_20230630_093123_BUY_0001: instrument_id=2130, raw_symbol=NQU3
[52/100] symbology resolved for NQ_MBO_SNAPSHOT_2023-07-18_LB_20230718_093258_SELL_0002: instrument_id=2130, raw_symbol=NQU3
[53/100] symbology resolved for NQ_MBO_SNAPSHOT_2023-07-20_LB_20230720_093345_SELL_0001: instrument_id=2130, raw_symbol=NQU3
[54/100] symbology resolved for NQ_MBO_SNAPSHOT_2023-07-27_LB_20230727_093300_BUY_0001: instrument_id=2130, raw_symbol=NQU3
[55/100] symbology resolved for NQ_MBO_SNAPSHOT_2023-08-08_LB_20230808_093726_SELL_0001: instrument_id=2130, raw_symbol=NQU3
[56/100] symbology resolved for NQ_MBO_SNAPSHOT_2023-08-24_LB_20230824_093139_SELL_0001: instrument_id=2130, raw_symbol=NQU3
[57/100] symbology resolved for NQ_MBO_SNAPSHOT_2023-08-25_LB_20230825_093257_BUY_0001: instrument_id=2130, raw_symbol=NQU3
[58/100] symbology resolved for NQ_MBO_SNAPSHOT_2023-08-29_LB_20230829_093105_SELL_0001: instrument_id=2130, raw_symbol=NQU3
[59/100] symbology resolved for NQ_MBO_SNAPSHOT_2023-08-31_LB_20230831_093357_BUY_0001: instrument_id=2130, raw_symbol=NQU3
[60/100] symbology resolved for NQ_MBO_SNAPSHOT_2023-09-05_LB_20230905_093500_SELL_0002: instrument_id=2130, raw_symbol=NQU3
[61/100] symbology resolved for NQ_MBO_SNAPSHOT_2023-09-07_LB_20230907_093117_SELL_0001: instrument_id=2130, raw_symbol=NQU3
[62/100] symbology resolved for NQ_MBO_SNAPSHOT_2023-09-14_LB_20230914_093127_SELL_0001: instrument_id=260937, raw_symbol=NQZ3
[63/100] symbology resolved for NQ_MBO_SNAPSHOT_2023-09-15_LB_20230915_093253_SELL_0001: instrument_id=260937, raw_symbol=NQZ3
[64/100] symbology resolved for NQ_MBO_SNAPSHOT_2023-09-19_LB_20230919_093101_SELL_0001: instrument_id=260937, raw_symbol=NQZ3
[65/100] symbology resolved for NQ_MBO_SNAPSHOT_2023-09-22_LB_20230922_093553_SELL_0001: instrument_id=260937, raw_symbol=NQZ3
[66/100] symbology resolved for NQ_MBO_SNAPSHOT_2023-09-26_LB_20230926_093118_SELL_0002: instrument_id=260937, raw_symbol=NQZ3
[67/100] symbology resolved for NQ_MBO_SNAPSHOT_2023-09-27_LB_20230927_093102_BUY_0001: instrument_id=260937, raw_symbol=NQZ3
[68/100] symbology resolved for NQ_MBO_SNAPSHOT_2023-10-02_LB_20231002_093150_BUY_0001: instrument_id=260937, raw_symbol=NQZ3
[69/100] symbology resolved for NQ_MBO_SNAPSHOT_2023-10-16_LB_20231016_093102_BUY_0001: instrument_id=260937, raw_symbol=NQZ3
[70/100] symbology resolved for NQ_MBO_SNAPSHOT_2023-10-27_LB_20231027_093329_BUY_0001: instrument_id=260937, raw_symbol=NQZ3
[71/100] symbology resolved for NQ_MBO_SNAPSHOT_2023-11-02_LB_20231102_093203_SELL_0001: instrument_id=260937, raw_symbol=NQZ3
[72/100] symbology resolved for NQ_MBO_SNAPSHOT_2024-03-18_LB_20240318_093121_BUY_0001: instrument_id=13743, raw_symbol=NQM4
[73/100] symbology resolved for NQ_MBO_SNAPSHOT_2024-04-02_LB_20240402_093358_SELL_0002: instrument_id=13743, raw_symbol=NQM4
[74/100] symbology resolved for NQ_MBO_SNAPSHOT_2024-04-04_LB_20240404_093500_BUY_0001: instrument_id=13743, raw_symbol=NQM4
[75/100] symbology resolved for NQ_MBO_SNAPSHOT_2024-04-05_LB_20240405_093248_SELL_0001: instrument_id=13743, raw_symbol=NQM4
[76/100] symbology resolved for NQ_MBO_SNAPSHOT_2024-04-09_LB_20240409_093342_SELL_0001: instrument_id=13743, raw_symbol=NQM4
[77/100] symbology resolved for NQ_MBO_SNAPSHOT_2024-04-17_LB_20240417_093502_SELL_0001: instrument_id=13743, raw_symbol=NQM4
[78/100] symbology resolved for NQ_MBO_SNAPSHOT_2024-04-18_LB_20240418_093109_SELL_0001: instrument_id=13743, raw_symbol=NQM4
[79/100] symbology resolved for NQ_MBO_SNAPSHOT_2024-04-23_LB_20240423_093145_BUY_0001: instrument_id=13743, raw_symbol=NQM4
[80/100] symbology resolved for NQ_MBO_SNAPSHOT_2024-04-26_LB_20240426_093151_SELL_0001: instrument_id=13743, raw_symbol=NQM4
[81/100] symbology resolved for NQ_MBO_SNAPSHOT_2024-05-02_LB_20240502_093112_SELL_0001: instrument_id=13743, raw_symbol=NQM4
[82/100] symbology resolved for NQ_MBO_SNAPSHOT_2024-05-03_LB_20240503_093157_SELL_0001: instrument_id=13743, raw_symbol=NQM4
[83/100] symbology resolved for NQ_MBO_SNAPSHOT_2024-05-10_LB_20240510_093420_BUY_0001: instrument_id=13743, raw_symbol=NQM4
[84/100] symbology resolved for NQ_MBO_SNAPSHOT_2024-05-20_LB_20240520_093220_BUY_0001: instrument_id=13743, raw_symbol=NQM4
[85/100] symbology resolved for NQ_MBO_SNAPSHOT_2024-05-28_LB_20240528_093142_BUY_0001: instrument_id=13743, raw_symbol=NQM4
[86/100] symbology resolved for NQ_MBO_SNAPSHOT_2024-06-05_LB_20240605_093547_SELL_0002: instrument_id=13743, raw_symbol=NQM4
[87/100] symbology resolved for NQ_MBO_SNAPSHOT_2024-06-06_LB_20240606_093413_BUY_0001: instrument_id=13743, raw_symbol=NQM4
[88/100] symbology resolved for NQ_MBO_SNAPSHOT_2024-06-11_LB_20240611_093350_BUY_0001: instrument_id=13743, raw_symbol=NQM4
[89/100] symbology resolved for NQ_MBO_SNAPSHOT_2024-06-13_LB_20240613_093209_BUY_0001: instrument_id=13743, raw_symbol=NQM4
[90/100] symbology resolved for NQ_MBO_SNAPSHOT_2024-06-14_LB_20240614_093644_BUY_0001: instrument_id=13743, raw_symbol=NQM4
[91/100] symbology resolved for NQ_MBO_SNAPSHOT_2024-07-08_LB_20240708_093223_BUY_0001: instrument_id=4358, raw_symbol=NQU4
[92/100] symbology resolved for NQ_MBO_SNAPSHOT_2024-07-12_LB_20240712_093101_BUY_0001: instrument_id=4358, raw_symbol=NQU4
[93/100] symbology resolved for NQ_MBO_SNAPSHOT_2024-07-16_LB_20240716_093212_BUY_0001: instrument_id=4358, raw_symbol=NQU4
[94/100] symbology resolved for NQ_MBO_SNAPSHOT_2024-07-18_LB_20240718_093155_SELL_0001: instrument_id=4358, raw_symbol=NQU4
[95/100] symbology resolved for NQ_MBO_SNAPSHOT_2024-07-22_LB_20240722_093156_SELL_0001: instrument_id=4358, raw_symbol=NQU4
[96/100] symbology resolved for NQ_MBO_SNAPSHOT_2024-07-26_LB_20240726_093346_SELL_0001: instrument_id=4358, raw_symbol=NQU4
[97/100] symbology resolved for NQ_MBO_SNAPSHOT_2024-07-30_LB_20240730_093638_BUY_0001: instrument_id=4358, raw_symbol=NQU4
[98/100] symbology resolved for NQ_MBO_SNAPSHOT_2024-08-08_LB_20240808_093753_SELL_0001: instrument_id=4358, raw_symbol=NQU4
[99/100] symbology resolved for NQ_MBO_SNAPSHOT_2024-08-13_LB_20240813_093126_BUY_0001: instrument_id=4358, raw_symbol=NQU4
[100/100] symbology resolved for NQ_MBO_SNAPSHOT_2024-08-14_LB_20240814_093352_SELL_0001: instrument_id=4358, raw_symbol=NQU4
{
  "resolved_rows": 100,
  "all_resolved": true,
  "market_data_downloaded": false,
  "output": "contexto_features_atas\\DATABENTO_MBO_SNAPSHOT_DISCOVERY_100_RESOLVED_20260723.csv"
}
