[1/100] existing_valid: NQ_MBO_SNAPSHOT_2022-04-05_LB_20220405_093200_BUY_0001 records=1630342 bytes=33659967
[2/100] downloaded: NQ_MBO_SNAPSHOT_2022-04-06_LB_20220406_093100_BUY_0001 records=2661430 bytes=54184246
[3/100] downloaded: NQ_MBO_SNAPSHOT_2022-04-26_LB_20220426_093143_SELL_0001 records=3233730 bytes=66939329
[4/100] downloaded: NQ_MBO_SNAPSHOT_2022-04-27_LB_20220427_093500_BUY_0001 records=4924123 bytes=99306592
[5/100] downloaded: NQ_MBO_SNAPSHOT_2022-05-04_LB_20220504_093301_SELL_0001 records=1924326 bytes=39532154
[6/100] downloaded: NQ_MBO_SNAPSHOT_2022-05-09_LB_20220509_093112_BUY_0001 records=4429908 bytes=87982473
[7/100] downloaded: NQ_MBO_SNAPSHOT_2022-05-18_LB_20220518_093457_BUY_0001 records=3162389 bytes=64155119
[8/100] downloaded: NQ_MBO_SNAPSHOT_2022-05-20_LB_20220520_093501_SELL_0001 records=3785959 bytes=76278241
[9/100] downloaded: NQ_MBO_SNAPSHOT_2022-05-23_LB_20220523_093420_SELL_0001 records=4553942 bytes=91740743
[10/100] downloaded: NQ_MBO_SNAPSHOT_2022-05-27_LB_20220527_093100_BUY_0001 records=2932650 bytes=58981234
[11/100] downloaded: NQ_MBO_SNAPSHOT_2022-06-08_LB_20220608_093102_SELL_0001 records=2211538 bytes=44529833
[12/100] downloaded: NQ_MBO_SNAPSHOT_2022-06-13_LB_20220613_093107_SELL_0001 records=3728073 bytes=77011466
[13/100] downloaded: NQ_MBO_SNAPSHOT_2022-06-27_LB_20220627_093202_SELL_0001 records=2557921 bytes=51836636
[14/100] downloaded: NQ_MBO_SNAPSHOT_2022-07-18_LB_20220718_093105_SELL_0001 records=1679251 bytes=33583726
[15/100] downloaded: NQ_MBO_SNAPSHOT_2022-07-19_LB_20220719_093600_SELL_0001 records=2216293 bytes=44289172
[16/100] downloaded: NQ_MBO_SNAPSHOT_2022-07-20_LB_20220720_093414_BUY_0001 records=2347367 bytes=46824434
[17/100] downloaded: NQ_MBO_SNAPSHOT_2022-07-26_LB_20220726_093111_SELL_0001 records=1565183 bytes=31237744
[18/100] downloaded: NQ_MBO_SNAPSHOT_2022-07-29_LB_20220729_093500_SELL_0001 records=2190820 bytes=43752522
[19/100] downloaded: NQ_MBO_SNAPSHOT_2022-08-01_LB_20220801_093127_SELL_0001 records=1581183 bytes=31598569
[20/100] downloaded: NQ_MBO_SNAPSHOT_2022-08-04_LB_20220804_093511_BUY_0001 records=1954227 bytes=39443223
[21/100] downloaded: NQ_MBO_SNAPSHOT_2022-08-09_LB_20220809_093105_SELL_0001 records=1557129 bytes=31649419
[22/100] downloaded: NQ_MBO_SNAPSHOT_2022-08-15_LB_20220815_093300_BUY_0001 records=1330896 bytes=26633050
[23/100] downloaded: NQ_MBO_SNAPSHOT_2022-08-17_LB_20220817_093558_BUY_0001 records=2083055 bytes=41723611
[24/100] existing_valid: NQ_MBO_SNAPSHOT_2022-08-31_LB_20220831_093400_SELL_0001 records=2770212 bytes=55548296
[25/100] downloaded: NQ_MBO_SNAPSHOT_2022-09-01_LB_20220901_093124_SELL_0002 records=3174948 bytes=63946015
[26/100] downloaded: NQ_MBO_SNAPSHOT_2022-09-06_LB_20220906_093405_BUY_0001 records=2551457 bytes=51711498
[27/100] downloaded: NQ_MBO_SNAPSHOT_2022-09-28_LB_20220928_093328_SELL_0001 records=6009278 bytes=118948451
[28/100] downloaded: NQ_MBO_SNAPSHOT_2022-10-11_LB_20221011_093101_SELL_0001 records=3691112 bytes=73580210
[29/100] downloaded: NQ_MBO_SNAPSHOT_2022-10-18_LB_20221018_093155_SELL_0001 records=3035837 bytes=58967134
[30/100] downloaded: NQ_MBO_SNAPSHOT_2022-10-25_LB_20221025_093119_BUY_0001 records=2781659 bytes=55903737
[31/100] downloaded: NQ_MBO_SNAPSHOT_2022-10-26_LB_20221026_093108_SELL_0002 records=2975809 bytes=60066556
[32/100] downloaded: NQ_MBO_SNAPSHOT_2022-10-27_LB_20221027_093628_SELL_0001 records=3742295 bytes=74165270
[33/100] downloaded: NQ_MBO_SNAPSHOT_2022-10-28_LB_20221028_093127_BUY_0001 records=3552029 bytes=70943368
[34/100] downloaded: NQ_MBO_SNAPSHOT_2022-11-03_LB_20221103_093349_BUY_0001 records=3001351 bytes=58899543
[35/100] downloaded: NQ_MBO_SNAPSHOT_2023-03-21_LB_20230321_093130_BUY_0001 records=1964063 bytes=38940128
[36/100] downloaded: NQ_MBO_SNAPSHOT_2023-03-28_LB_20230328_093202_SELL_0001 records=1528319 bytes=31081100
[37/100] downloaded: NQ_MBO_SNAPSHOT_2023-04-03_LB_20230403_093250_BUY_0001 records=1769938 bytes=35558084
[38/100] downloaded: NQ_MBO_SNAPSHOT_2023-04-04_LB_20230404_093600_SELL_0001 records=1772519 bytes=35565815
[39/100] downloaded: NQ_MBO_SNAPSHOT_2023-04-19_LB_20230419_093353_SELL_0001 records=2014313 bytes=39997699
[40/100] downloaded: NQ_MBO_SNAPSHOT_2023-04-26_LB_20230426_093201_SELL_0001 records=2361800 bytes=46974958
[41/100] downloaded: NQ_MBO_SNAPSHOT_2023-05-03_LB_20230503_093500_BUY_0001 records=1637340 bytes=32986717
[42/100] downloaded: NQ_MBO_SNAPSHOT_2023-05-11_LB_20230511_093202_SELL_0001 records=2044963 bytes=40913223
[43/100] existing_valid: NQ_MBO_SNAPSHOT_2023-05-18_LB_20230518_093436_BUY_0001 records=1680983 bytes=33124170
[44/100] downloaded: NQ_MBO_SNAPSHOT_2023-05-22_LB_20230522_093356_BUY_0001 records=1805283 bytes=35528545
[45/100] downloaded: NQ_MBO_SNAPSHOT_2023-05-26_LB_20230526_093357_BUY_0001 records=2146263 bytes=42366248
[46/100] downloaded: NQ_MBO_SNAPSHOT_2023-05-31_LB_20230531_093156_BUY_0001 records=2041781 bytes=41315765
[47/100] downloaded: NQ_MBO_SNAPSHOT_2023-06-05_LB_20230605_093500_BUY_0001 records=1629474 bytes=32344246
[48/100] downloaded: NQ_MBO_SNAPSHOT_2023-06-13_LB_20230613_093139_SELL_0001 records=1885911 bytes=38595410
[49/100] downloaded: NQ_MBO_SNAPSHOT_2023-06-22_LB_20230622_093240_BUY_0001 records=1966391 bytes=38737896
[50/100] downloaded: NQ_MBO_SNAPSHOT_2023-06-23_LB_20230623_093159_BUY_0001 records=1917862 bytes=37960448
[51/100] downloaded: NQ_MBO_SNAPSHOT_2023-06-30_LB_20230630_093123_BUY_0001 records=1555225 bytes=30885654
[52/100] downloaded: NQ_MBO_SNAPSHOT_2023-07-18_LB_20230718_093258_SELL_0002 records=1368659 bytes=26992716
[53/100] downloaded: NQ_MBO_SNAPSHOT_2023-07-20_LB_20230720_093345_SELL_0001 records=1872304 bytes=36716020
[54/100] downloaded: NQ_MBO_SNAPSHOT_2023-07-27_LB_20230727_093300_BUY_0001 records=1956382 bytes=38071524
[55/100] downloaded: NQ_MBO_SNAPSHOT_2023-08-08_LB_20230808_093726_SELL_0001 records=2840414 bytes=56145943
[56/100] downloaded: NQ_MBO_SNAPSHOT_2023-08-24_LB_20230824_093139_SELL_0001 records=2804721 bytes=54712626
[57/100] downloaded: NQ_MBO_SNAPSHOT_2023-08-25_LB_20230825_093257_BUY_0001 records=2459752 bytes=48548880
[58/100] existing_valid: NQ_MBO_SNAPSHOT_2023-08-29_LB_20230829_093105_SELL_0001 records=1938749 bytes=38668761
[59/100] downloaded: NQ_MBO_SNAPSHOT_2023-08-31_LB_20230831_093357_BUY_0001 records=2944094 bytes=55995639
[60/100] downloaded: NQ_MBO_SNAPSHOT_2023-09-05_LB_20230905_093500_SELL_0002 records=2814569 bytes=56488940
[61/100] downloaded: NQ_MBO_SNAPSHOT_2023-09-07_LB_20230907_093117_SELL_0001 records=2542234 bytes=50225476
[62/100] downloaded: NQ_MBO_SNAPSHOT_2023-09-14_LB_20230914_093127_SELL_0001 records=3403252 bytes=67278515
[63/100] downloaded: NQ_MBO_SNAPSHOT_2023-09-15_LB_20230915_093253_SELL_0001 records=2663037 bytes=53338726
[64/100] downloaded: NQ_MBO_SNAPSHOT_2023-09-19_LB_20230919_093101_SELL_0001 records=1869390 bytes=37429593
[65/100] downloaded: NQ_MBO_SNAPSHOT_2023-09-22_LB_20230922_093553_SELL_0001 records=3026238 bytes=60208154
[66/100] downloaded: NQ_MBO_SNAPSHOT_2023-09-26_LB_20230926_093118_SELL_0002 records=3296424 bytes=65113407
[67/100] downloaded: NQ_MBO_SNAPSHOT_2023-09-27_LB_20230927_093102_BUY_0001 records=2489992 bytes=49156217
[68/100] downloaded: NQ_MBO_SNAPSHOT_2023-10-02_LB_20231002_093150_BUY_0001 records=3093619 bytes=60592328
[69/100] downloaded: NQ_MBO_SNAPSHOT_2023-10-16_LB_20231016_093102_BUY_0001 records=3298006 bytes=64864676
[70/100] downloaded: NQ_MBO_SNAPSHOT_2023-10-27_LB_20231027_093329_BUY_0001 records=3556823 bytes=70656844
[71/100] downloaded: NQ_MBO_SNAPSHOT_2023-11-02_LB_20231102_093203_SELL_0001 records=2696430 bytes=52556104
[72/100] downloaded: NQ_MBO_SNAPSHOT_2024-03-18_LB_20240318_093121_BUY_0001 records=2088189 bytes=40739718
[73/100] downloaded: NQ_MBO_SNAPSHOT_2024-04-02_LB_20240402_093358_SELL_0002 records=3128821 bytes=61103039
[74/100] downloaded: NQ_MBO_SNAPSHOT_2024-04-04_LB_20240404_093500_BUY_0001 records=1999933 bytes=39189723
[75/100] downloaded: NQ_MBO_SNAPSHOT_2024-04-05_LB_20240405_093248_SELL_0001 records=3688278 bytes=72300146
[76/100] downloaded: NQ_MBO_SNAPSHOT_2024-04-09_LB_20240409_093342_SELL_0001 records=2224159 bytes=43732082
[77/100] downloaded: NQ_MBO_SNAPSHOT_2024-04-17_LB_20240417_093502_SELL_0001 records=3619644 bytes=70903675
[78/100] downloaded: NQ_MBO_SNAPSHOT_2024-04-18_LB_20240418_093109_SELL_0001 records=2658808 bytes=52741805
[79/100] downloaded: NQ_MBO_SNAPSHOT_2024-04-23_LB_20240423_093145_BUY_0001 records=2709161 bytes=53991922
[80/100] downloaded: NQ_MBO_SNAPSHOT_2024-04-26_LB_20240426_093151_SELL_0001 records=3268215 bytes=65368886
[81/100] existing_valid: NQ_MBO_SNAPSHOT_2024-05-02_LB_20240502_093112_SELL_0001 records=2568897 bytes=51446989
[82/100] downloaded: NQ_MBO_SNAPSHOT_2024-05-03_LB_20240503_093157_SELL_0001 records=2796108 bytes=55415309
[83/100] downloaded: NQ_MBO_SNAPSHOT_2024-05-10_LB_20240510_093420_BUY_0001 records=1674886 bytes=33376391
[84/100] downloaded: NQ_MBO_SNAPSHOT_2024-05-20_LB_20240520_093220_BUY_0001 records=1444509 bytes=28695760
[85/100] downloaded: NQ_MBO_SNAPSHOT_2024-05-28_LB_20240528_093142_BUY_0001 records=2022049 bytes=40366863
[86/100] downloaded: NQ_MBO_SNAPSHOT_2024-06-05_LB_20240605_093547_SELL_0002 records=2204283 bytes=44093032
[87/100] downloaded: NQ_MBO_SNAPSHOT_2024-06-06_LB_20240606_093413_BUY_0001 records=2258514 bytes=45305439
[88/100] downloaded: NQ_MBO_SNAPSHOT_2024-06-11_LB_20240611_093350_BUY_0001 records=2347207 bytes=47385734
[89/100] downloaded: NQ_MBO_SNAPSHOT_2024-06-13_LB_20240613_093209_BUY_0001 records=2118579 bytes=42580099
[90/100] downloaded: NQ_MBO_SNAPSHOT_2024-06-14_LB_20240614_093644_BUY_0001 records=3237861 bytes=65176038
[91/100] downloaded: NQ_MBO_SNAPSHOT_2024-07-08_LB_20240708_093223_BUY_0001 records=1523425 bytes=30567845
[92/100] downloaded: NQ_MBO_SNAPSHOT_2024-07-12_LB_20240712_093101_BUY_0001 records=2686282 bytes=54075570
[93/100] existing_valid: NQ_MBO_SNAPSHOT_2024-07-16_LB_20240716_093212_BUY_0001 records=2170469 bytes=43866424
[94/100] downloaded: NQ_MBO_SNAPSHOT_2024-07-18_LB_20240718_093155_SELL_0001 records=3266099 bytes=66035722
[95/100] downloaded: NQ_MBO_SNAPSHOT_2024-07-22_LB_20240722_093156_SELL_0001 records=2841990 bytes=56978569
[96/100] downloaded: NQ_MBO_SNAPSHOT_2024-07-26_LB_20240726_093346_SELL_0001 records=3252518 bytes=65958605
[97/100] downloaded: NQ_MBO_SNAPSHOT_2024-07-30_LB_20240730_093638_BUY_0001 records=2576291 bytes=52442305
[98/100] downloaded: NQ_MBO_SNAPSHOT_2024-08-08_LB_20240808_093753_SELL_0001 records=3397324 bytes=68840911
[99/100] downloaded: NQ_MBO_SNAPSHOT_2024-08-13_LB_20240813_093126_BUY_0001 records=2860199 bytes=57949489
[100/100] downloaded: NQ_MBO_SNAPSHOT_2024-08-14_LB_20240814_093352_SELL_0001 records=2746873 bytes=55425394
{
  "completed_rows": 100,
  "total_records": 257564810,
  "total_bytes": 5142244260,
  "receipt": "C:\\Users\\k_99_\\Desktop\\codding\\data_footprint_generator\\databento_mbo\\liquidity_burst_snapshot_discovery100_20260723\\download_receipt.json"
}
