C:\Users\k_99_\Desktop\codding\OpeningRangeSetup\EddiewareOpeningRangeSetup\EddiewareOpeningRangeSetup\absorption_breakout_research.py:365: PerformanceWarning: DataFrame is highly fragmented.  This is usually the result of calling `frame.insert` many times, which has poor performance.  Consider joining all columns at once using pd.concat(axis=1) instead. To get a de-fragmented frame, use `newframe = frame.copy()`
  frame["burst_sign"] = burst_sign
C:\Users\k_99_\Desktop\codding\OpeningRangeSetup\EddiewareOpeningRangeSetup\EddiewareOpeningRangeSetup\absorption_breakout_research.py:366: PerformanceWarning: DataFrame is highly fragmented.  This is usually the result of calling `frame.insert` many times, which has poor performance.  Consider joining all columns at once using pd.concat(axis=1) instead. To get a de-fragmented frame, use `newframe = frame.copy()`
  frame["signed_delta_1s"] = burst_sign * frame["Delta1s"]
C:\Users\k_99_\Desktop\codding\OpeningRangeSetup\EddiewareOpeningRangeSetup\EddiewareOpeningRangeSetup\absorption_breakout_research.py:367: PerformanceWarning: DataFrame is highly fragmented.  This is usually the result of calling `frame.insert` many times, which has poor performance.  Consider joining all columns at once using pd.concat(axis=1) instead. To get a de-fragmented frame, use `newframe = frame.copy()`
  frame["signed_delta_change_1s"] = burst_sign * frame["DeltaChange1s"]
C:\Users\k_99_\Desktop\codding\OpeningRangeSetup\EddiewareOpeningRangeSetup\EddiewareOpeningRangeSetup\absorption_breakout_research.py:368: PerformanceWarning: DataFrame is highly fragmented.  This is usually the result of calling `frame.insert` many times, which has poor performance.  Consider joining all columns at once using pd.concat(axis=1) instead. To get a de-fragmented frame, use `newframe = frame.copy()`
  frame["signed_velocity_1s"] = burst_sign * frame["Velocity1s"]
C:\Users\k_99_\Desktop\codding\OpeningRangeSetup\EddiewareOpeningRangeSetup\EddiewareOpeningRangeSetup\absorption_breakout_research.py:369: PerformanceWarning: DataFrame is highly fragmented.  This is usually the result of calling `frame.insert` many times, which has poor performance.  Consider joining all columns at once using pd.concat(axis=1) instead. To get a de-fragmented frame, use `newframe = frame.copy()`
  frame["signed_velocity_3s"] = burst_sign * frame["Velocity3s"]
C:\Users\k_99_\Desktop\codding\OpeningRangeSetup\EddiewareOpeningRangeSetup\EddiewareOpeningRangeSetup\absorption_breakout_research.py:370: PerformanceWarning: DataFrame is highly fragmented.  This is usually the result of calling `frame.insert` many times, which has poor performance.  Consider joining all columns at once using pd.concat(axis=1) instead. To get a de-fragmented frame, use `newframe = frame.copy()`
  frame["signed_acceleration_1s"] = burst_sign * frame["Acceleration1s"]
C:\Users\k_99_\Desktop\codding\OpeningRangeSetup\EddiewareOpeningRangeSetup\EddiewareOpeningRangeSetup\absorption_breakout_research.py:371: PerformanceWarning: DataFrame is highly fragmented.  This is usually the result of calling `frame.insert` many times, which has poor performance.  Consider joining all columns at once using pd.concat(axis=1) instead. To get a de-fragmented frame, use `newframe = frame.copy()`
  frame["price_impact_per_100_contracts"] = 100 * frame["Velocity1s"].abs() / frame["ContractsPerSecond"].abs().clip(lower=1)
C:\Users\k_99_\Desktop\codding\OpeningRangeSetup\EddiewareOpeningRangeSetup\EddiewareOpeningRangeSetup\absorption_breakout_research.py:372: PerformanceWarning: DataFrame is highly fragmented.  This is usually the result of calling `frame.insert` many times, which has poor performance.  Consider joining all columns at once using pd.concat(axis=1) instead. To get a de-fragmented frame, use `newframe = frame.copy()`
  frame["absorption_pressure_1s"] = frame["Delta1s"].abs() / frame["Velocity1s"].abs().clip(lower=TICK_SIZE)
C:\Users\k_99_\Desktop\codding\OpeningRangeSetup\EddiewareOpeningRangeSetup\EddiewareOpeningRangeSetup\absorption_breakout_research.py:373: PerformanceWarning: DataFrame is highly fragmented.  This is usually the result of calling `frame.insert` many times, which has poor performance.  Consider joining all columns at once using pd.concat(axis=1) instead. To get a de-fragmented frame, use `newframe = frame.copy()`
  frame["delta_share_of_volume"] = frame["Delta1s"].abs() / frame["ContractsPerSecond"].abs().clip(lower=1)
C:\Users\k_99_\Desktop\codding\OpeningRangeSetup\EddiewareOpeningRangeSetup\EddiewareOpeningRangeSetup\absorption_breakout_research.py:374: PerformanceWarning: DataFrame is highly fragmented.  This is usually the result of calling `frame.insert` many times, which has poor performance.  Consider joining all columns at once using pd.concat(axis=1) instead. To get a de-fragmented frame, use `newframe = frame.copy()`
  frame["mean_trade_size"] = frame["ContractsPerSecond"].abs() / frame["TradesPerSecond"].abs().clip(lower=1)
C:\Users\k_99_\Desktop\codding\OpeningRangeSetup\EddiewareOpeningRangeSetup\EddiewareOpeningRangeSetup\absorption_breakout_research.py:375: PerformanceWarning: DataFrame is highly fragmented.  This is usually the result of calling `frame.insert` many times, which has poor performance.  Consider joining all columns at once using pd.concat(axis=1) instead. To get a de-fragmented frame, use `newframe = frame.copy()`
  frame["delta_persistence_1_3"] = frame["Delta3s"].abs() / (3 * frame["Delta1s"].abs().clip(lower=1))
C:\Users\k_99_\Desktop\codding\OpeningRangeSetup\EddiewareOpeningRangeSetup\EddiewareOpeningRangeSetup\absorption_breakout_research.py:376: PerformanceWarning: DataFrame is highly fragmented.  This is usually the result of calling `frame.insert` many times, which has poor performance.  Consider joining all columns at once using pd.concat(axis=1) instead. To get a de-fragmented frame, use `newframe = frame.copy()`
  frame["delta_persistence_3_5"] = 3 * frame["Delta5s"].abs() / (5 * frame["Delta3s"].abs().clip(lower=1))
C:\Users\k_99_\Desktop\codding\OpeningRangeSetup\EddiewareOpeningRangeSetup\EddiewareOpeningRangeSetup\absorption_breakout_research.py:377: PerformanceWarning: DataFrame is highly fragmented.  This is usually the result of calling `frame.insert` many times, which has poor performance.  Consider joining all columns at once using pd.concat(axis=1) instead. To get a de-fragmented frame, use `newframe = frame.copy()`
  frame["direction_consistency"] = np.mean(
C:\Users\k_99_\Desktop\codding\OpeningRangeSetup\EddiewareOpeningRangeSetup\EddiewareOpeningRangeSetup\absorption_breakout_research.py:384: PerformanceWarning: DataFrame is highly fragmented.  This is usually the result of calling `frame.insert` many times, which has poor performance.  Consider joining all columns at once using pd.concat(axis=1) instead. To get a de-fragmented frame, use `newframe = frame.copy()`
  frame["velocity_consistency"] = np.mean(
C:\Users\k_99_\Desktop\codding\OpeningRangeSetup\EddiewareOpeningRangeSetup\EddiewareOpeningRangeSetup\absorption_breakout_research.py:391: PerformanceWarning: DataFrame is highly fragmented.  This is usually the result of calling `frame.insert` many times, which has poor performance.  Consider joining all columns at once using pd.concat(axis=1) instead. To get a de-fragmented frame, use `newframe = frame.copy()`
  frame["flow_price_alignment"] = np.sign(frame["Delta1s"]) * np.sign(frame["Velocity1s"])
C:\Users\k_99_\Desktop\codding\OpeningRangeSetup\EddiewareOpeningRangeSetup\EddiewareOpeningRangeSetup\absorption_breakout_research.py:392: PerformanceWarning: DataFrame is highly fragmented.  This is usually the result of calling `frame.insert` many times, which has poor performance.  Consider joining all columns at once using pd.concat(axis=1) instead. To get a de-fragmented frame, use `newframe = frame.copy()`
  frame["acceleration_velocity_ratio"] = frame["signed_acceleration_1s"] / frame["signed_velocity_1s"].abs().clip(lower=TICK_SIZE)
C:\Users\k_99_\Desktop\codding\OpeningRangeSetup\EddiewareOpeningRangeSetup\EddiewareOpeningRangeSetup\absorption_breakout_research.py:393: PerformanceWarning: DataFrame is highly fragmented.  This is usually the result of calling `frame.insert` many times, which has poor performance.  Consider joining all columns at once using pd.concat(axis=1) instead. To get a de-fragmented frame, use `newframe = frame.copy()`
  frame["directional_vwap_distance"] = burst_sign * frame["Dist_VWAP_Ticks"]
C:\Users\k_99_\Desktop\codding\OpeningRangeSetup\EddiewareOpeningRangeSetup\EddiewareOpeningRangeSetup\absorption_breakout_research.py:394: PerformanceWarning: DataFrame is highly fragmented.  This is usually the result of calling `frame.insert` many times, which has poor performance.  Consider joining all columns at once using pd.concat(axis=1) instead. To get a de-fragmented frame, use `newframe = frame.copy()`
  frame["directional_poc_distance"] = burst_sign * frame["Dist_POC_Ticks"]
C:\Users\k_99_\Desktop\codding\OpeningRangeSetup\EddiewareOpeningRangeSetup\EddiewareOpeningRangeSetup\absorption_breakout_research.py:396: PerformanceWarning: DataFrame is highly fragmented.  This is usually the result of calling `frame.insert` many times, which has poor performance.  Consider joining all columns at once using pd.concat(axis=1) instead. To get a de-fragmented frame, use `newframe = frame.copy()`
  frame["profile_confluence_4t"] = frame[profile_columns].abs().le(4).sum(axis=1)
C:\Users\k_99_\Desktop\codding\OpeningRangeSetup\EddiewareOpeningRangeSetup\EddiewareOpeningRangeSetup\absorption_breakout_research.py:397: PerformanceWarning: DataFrame is highly fragmented.  This is usually the result of calling `frame.insert` many times, which has poor performance.  Consider joining all columns at once using pd.concat(axis=1) instead. To get a de-fragmented frame, use `newframe = frame.copy()`
  frame["burst_efficiency_score"] = frame["signed_velocity_1s"] / frame["signed_delta_1s"].abs().clip(lower=1)
C:\Users\k_99_\Desktop\codding\OpeningRangeSetup\EddiewareOpeningRangeSetup\EddiewareOpeningRangeSetup\absorption_breakout_research.py:398: PerformanceWarning: DataFrame is highly fragmented.  This is usually the result of calling `frame.insert` many times, which has poor performance.  Consider joining all columns at once using pd.concat(axis=1) instead. To get a de-fragmented frame, use `newframe = frame.copy()`
  frame["liquidity_absorption_score"] = frame["absorption_pressure_1s"] * (
C:\Users\k_99_\Desktop\codding\OpeningRangeSetup\EddiewareOpeningRangeSetup\EddiewareOpeningRangeSetup\absorption_breakout_research.py:460: PerformanceWarning: DataFrame is highly fragmented.  This is usually the result of calling `frame.insert` many times, which has poor performance.  Consider joining all columns at once using pd.concat(axis=1) instead. To get a de-fragmented frame, use `newframe = frame.copy()`
  merged["family"] = labels[0]
C:\Users\k_99_\Desktop\codding\OpeningRangeSetup\EddiewareOpeningRangeSetup\EddiewareOpeningRangeSetup\absorption_breakout_research.py:461: PerformanceWarning: DataFrame is highly fragmented.  This is usually the result of calling `frame.insert` many times, which has poor performance.  Consider joining all columns at once using pd.concat(axis=1) instead. To get a de-fragmented frame, use `newframe = frame.copy()`
  merged["family_reason"] = labels[1]
C:\Users\k_99_\Desktop\codding\OpeningRangeSetup\EddiewareOpeningRangeSetup\EddiewareOpeningRangeSetup\absorption_breakout_research.py:462: PerformanceWarning: DataFrame is highly fragmented.  This is usually the result of calling `frame.insert` many times, which has poor performance.  Consider joining all columns at once using pd.concat(axis=1) instead. To get a de-fragmented frame, use `newframe = frame.copy()`
  merged["family_ordinal"] = merged["family"].map(FAMILY_ORDINAL)
C:\Users\k_99_\Desktop\codding\OpeningRangeSetup\EddiewareOpeningRangeSetup\EddiewareOpeningRangeSetup\absorption_breakout_research.py:465: PerformanceWarning: DataFrame is highly fragmented.  This is usually the result of calling `frame.insert` many times, which has poor performance.  Consider joining all columns at once using pd.concat(axis=1) instead. To get a de-fragmented frame, use `newframe = frame.copy()`
  merged["path_mae_fraction_of_sl"] = pd.to_numeric(merged["MAE_ticks"], errors="coerce") / sl_safe
C:\Users\k_99_\Desktop\codding\OpeningRangeSetup\EddiewareOpeningRangeSetup\EddiewareOpeningRangeSetup\absorption_breakout_research.py:466: PerformanceWarning: DataFrame is highly fragmented.  This is usually the result of calling `frame.insert` many times, which has poor performance.  Consider joining all columns at once using pd.concat(axis=1) instead. To get a de-fragmented frame, use `newframe = frame.copy()`
  merged["path_mfe_fraction_of_tp"] = pd.to_numeric(merged["MFE_ticks"], errors="coerce") / tp_safe
C:\Users\k_99_\Desktop\codding\OpeningRangeSetup\EddiewareOpeningRangeSetup\EddiewareOpeningRangeSetup\absorption_breakout_research.py:468: PerformanceWarning: DataFrame is highly fragmented.  This is usually the result of calling `frame.insert` many times, which has poor performance.  Consider joining all columns at once using pd.concat(axis=1) instead. To get a de-fragmented frame, use `newframe = frame.copy()`
  merged["variable_path_shape"] = "NOT_VARIABLE"
C:\Users\k_99_\Desktop\codding\OpeningRangeSetup\EddiewareOpeningRangeSetup\EddiewareOpeningRangeSetup\absorption_breakout_research.py:478: PerformanceWarning: DataFrame is highly fragmented.  This is usually the result of calling `frame.insert` many times, which has poor performance.  Consider joining all columns at once using pd.concat(axis=1) instead. To get a de-fragmented frame, use `newframe = frame.copy()`
  merged["split"] = "holdout"
