C:\Users\k_99_\Desktop\codding\OpeningRangeSetup\EddiewareOpeningRangeSetup\EddiewareOpeningRangeSetup\absorption_breakout_research.py:304: PerformanceWarning: DataFrame is highly fragmented.  This is usually the result of calling `frame.insert` many times, which has poor performance.  Consider joining all columns at once using pd.concat(axis=1) instead. To get a de-fragmented frame, use `newframe = frame.copy()`
  frame["burst_sign"] = burst_sign
C:\Users\k_99_\Desktop\codding\OpeningRangeSetup\EddiewareOpeningRangeSetup\EddiewareOpeningRangeSetup\absorption_breakout_research.py:305: PerformanceWarning: DataFrame is highly fragmented.  This is usually the result of calling `frame.insert` many times, which has poor performance.  Consider joining all columns at once using pd.concat(axis=1) instead. To get a de-fragmented frame, use `newframe = frame.copy()`
  frame["signed_delta_1s"] = burst_sign * frame["Delta1s"]
C:\Users\k_99_\Desktop\codding\OpeningRangeSetup\EddiewareOpeningRangeSetup\EddiewareOpeningRangeSetup\absorption_breakout_research.py:306: PerformanceWarning: DataFrame is highly fragmented.  This is usually the result of calling `frame.insert` many times, which has poor performance.  Consider joining all columns at once using pd.concat(axis=1) instead. To get a de-fragmented frame, use `newframe = frame.copy()`
  frame["signed_delta_change_1s"] = burst_sign * frame["DeltaChange1s"]
C:\Users\k_99_\Desktop\codding\OpeningRangeSetup\EddiewareOpeningRangeSetup\EddiewareOpeningRangeSetup\absorption_breakout_research.py:307: PerformanceWarning: DataFrame is highly fragmented.  This is usually the result of calling `frame.insert` many times, which has poor performance.  Consider joining all columns at once using pd.concat(axis=1) instead. To get a de-fragmented frame, use `newframe = frame.copy()`
  frame["signed_velocity_1s"] = burst_sign * frame["Velocity1s"]
C:\Users\k_99_\Desktop\codding\OpeningRangeSetup\EddiewareOpeningRangeSetup\EddiewareOpeningRangeSetup\absorption_breakout_research.py:308: PerformanceWarning: DataFrame is highly fragmented.  This is usually the result of calling `frame.insert` many times, which has poor performance.  Consider joining all columns at once using pd.concat(axis=1) instead. To get a de-fragmented frame, use `newframe = frame.copy()`
  frame["signed_velocity_3s"] = burst_sign * frame["Velocity3s"]
C:\Users\k_99_\Desktop\codding\OpeningRangeSetup\EddiewareOpeningRangeSetup\EddiewareOpeningRangeSetup\absorption_breakout_research.py:309: PerformanceWarning: DataFrame is highly fragmented.  This is usually the result of calling `frame.insert` many times, which has poor performance.  Consider joining all columns at once using pd.concat(axis=1) instead. To get a de-fragmented frame, use `newframe = frame.copy()`
  frame["signed_acceleration_1s"] = burst_sign * frame["Acceleration1s"]
C:\Users\k_99_\Desktop\codding\OpeningRangeSetup\EddiewareOpeningRangeSetup\EddiewareOpeningRangeSetup\absorption_breakout_research.py:310: PerformanceWarning: DataFrame is highly fragmented.  This is usually the result of calling `frame.insert` many times, which has poor performance.  Consider joining all columns at once using pd.concat(axis=1) instead. To get a de-fragmented frame, use `newframe = frame.copy()`
  frame["price_impact_per_100_contracts"] = 100 * frame["Velocity1s"].abs() / frame["ContractsPerSecond"].abs().clip(lower=1)
C:\Users\k_99_\Desktop\codding\OpeningRangeSetup\EddiewareOpeningRangeSetup\EddiewareOpeningRangeSetup\absorption_breakout_research.py:311: PerformanceWarning: DataFrame is highly fragmented.  This is usually the result of calling `frame.insert` many times, which has poor performance.  Consider joining all columns at once using pd.concat(axis=1) instead. To get a de-fragmented frame, use `newframe = frame.copy()`
  frame["absorption_pressure_1s"] = frame["Delta1s"].abs() / frame["Velocity1s"].abs().clip(lower=TICK_SIZE)
C:\Users\k_99_\Desktop\codding\OpeningRangeSetup\EddiewareOpeningRangeSetup\EddiewareOpeningRangeSetup\absorption_breakout_research.py:312: PerformanceWarning: DataFrame is highly fragmented.  This is usually the result of calling `frame.insert` many times, which has poor performance.  Consider joining all columns at once using pd.concat(axis=1) instead. To get a de-fragmented frame, use `newframe = frame.copy()`
  frame["delta_share_of_volume"] = frame["Delta1s"].abs() / frame["ContractsPerSecond"].abs().clip(lower=1)
C:\Users\k_99_\Desktop\codding\OpeningRangeSetup\EddiewareOpeningRangeSetup\EddiewareOpeningRangeSetup\absorption_breakout_research.py:313: PerformanceWarning: DataFrame is highly fragmented.  This is usually the result of calling `frame.insert` many times, which has poor performance.  Consider joining all columns at once using pd.concat(axis=1) instead. To get a de-fragmented frame, use `newframe = frame.copy()`
  frame["mean_trade_size"] = frame["ContractsPerSecond"].abs() / frame["TradesPerSecond"].abs().clip(lower=1)
C:\Users\k_99_\Desktop\codding\OpeningRangeSetup\EddiewareOpeningRangeSetup\EddiewareOpeningRangeSetup\absorption_breakout_research.py:314: PerformanceWarning: DataFrame is highly fragmented.  This is usually the result of calling `frame.insert` many times, which has poor performance.  Consider joining all columns at once using pd.concat(axis=1) instead. To get a de-fragmented frame, use `newframe = frame.copy()`
  frame["delta_persistence_1_3"] = frame["Delta3s"].abs() / (3 * frame["Delta1s"].abs().clip(lower=1))
C:\Users\k_99_\Desktop\codding\OpeningRangeSetup\EddiewareOpeningRangeSetup\EddiewareOpeningRangeSetup\absorption_breakout_research.py:315: PerformanceWarning: DataFrame is highly fragmented.  This is usually the result of calling `frame.insert` many times, which has poor performance.  Consider joining all columns at once using pd.concat(axis=1) instead. To get a de-fragmented frame, use `newframe = frame.copy()`
  frame["delta_persistence_3_5"] = 3 * frame["Delta5s"].abs() / (5 * frame["Delta3s"].abs().clip(lower=1))
C:\Users\k_99_\Desktop\codding\OpeningRangeSetup\EddiewareOpeningRangeSetup\EddiewareOpeningRangeSetup\absorption_breakout_research.py:316: PerformanceWarning: DataFrame is highly fragmented.  This is usually the result of calling `frame.insert` many times, which has poor performance.  Consider joining all columns at once using pd.concat(axis=1) instead. To get a de-fragmented frame, use `newframe = frame.copy()`
  frame["direction_consistency"] = np.mean(
C:\Users\k_99_\Desktop\codding\OpeningRangeSetup\EddiewareOpeningRangeSetup\EddiewareOpeningRangeSetup\absorption_breakout_research.py:323: PerformanceWarning: DataFrame is highly fragmented.  This is usually the result of calling `frame.insert` many times, which has poor performance.  Consider joining all columns at once using pd.concat(axis=1) instead. To get a de-fragmented frame, use `newframe = frame.copy()`
  frame["velocity_consistency"] = np.mean(
C:\Users\k_99_\Desktop\codding\OpeningRangeSetup\EddiewareOpeningRangeSetup\EddiewareOpeningRangeSetup\absorption_breakout_research.py:330: PerformanceWarning: DataFrame is highly fragmented.  This is usually the result of calling `frame.insert` many times, which has poor performance.  Consider joining all columns at once using pd.concat(axis=1) instead. To get a de-fragmented frame, use `newframe = frame.copy()`
  frame["flow_price_alignment"] = np.sign(frame["Delta1s"]) * np.sign(frame["Velocity1s"])
C:\Users\k_99_\Desktop\codding\OpeningRangeSetup\EddiewareOpeningRangeSetup\EddiewareOpeningRangeSetup\absorption_breakout_research.py:331: PerformanceWarning: DataFrame is highly fragmented.  This is usually the result of calling `frame.insert` many times, which has poor performance.  Consider joining all columns at once using pd.concat(axis=1) instead. To get a de-fragmented frame, use `newframe = frame.copy()`
  frame["acceleration_velocity_ratio"] = frame["signed_acceleration_1s"] / frame["signed_velocity_1s"].abs().clip(lower=TICK_SIZE)
C:\Users\k_99_\Desktop\codding\OpeningRangeSetup\EddiewareOpeningRangeSetup\EddiewareOpeningRangeSetup\absorption_breakout_research.py:332: PerformanceWarning: DataFrame is highly fragmented.  This is usually the result of calling `frame.insert` many times, which has poor performance.  Consider joining all columns at once using pd.concat(axis=1) instead. To get a de-fragmented frame, use `newframe = frame.copy()`
  frame["directional_vwap_distance"] = burst_sign * frame["Dist_VWAP_Ticks"]
C:\Users\k_99_\Desktop\codding\OpeningRangeSetup\EddiewareOpeningRangeSetup\EddiewareOpeningRangeSetup\absorption_breakout_research.py:333: PerformanceWarning: DataFrame is highly fragmented.  This is usually the result of calling `frame.insert` many times, which has poor performance.  Consider joining all columns at once using pd.concat(axis=1) instead. To get a de-fragmented frame, use `newframe = frame.copy()`
  frame["directional_poc_distance"] = burst_sign * frame["Dist_POC_Ticks"]
C:\Users\k_99_\Desktop\codding\OpeningRangeSetup\EddiewareOpeningRangeSetup\EddiewareOpeningRangeSetup\absorption_breakout_research.py:335: PerformanceWarning: DataFrame is highly fragmented.  This is usually the result of calling `frame.insert` many times, which has poor performance.  Consider joining all columns at once using pd.concat(axis=1) instead. To get a de-fragmented frame, use `newframe = frame.copy()`
  frame["profile_confluence_4t"] = frame[profile_columns].abs().le(4).sum(axis=1)
C:\Users\k_99_\Desktop\codding\OpeningRangeSetup\EddiewareOpeningRangeSetup\EddiewareOpeningRangeSetup\absorption_breakout_research.py:336: PerformanceWarning: DataFrame is highly fragmented.  This is usually the result of calling `frame.insert` many times, which has poor performance.  Consider joining all columns at once using pd.concat(axis=1) instead. To get a de-fragmented frame, use `newframe = frame.copy()`
  frame["burst_efficiency_score"] = frame["signed_velocity_1s"] / frame["signed_delta_1s"].abs().clip(lower=1)
C:\Users\k_99_\Desktop\codding\OpeningRangeSetup\EddiewareOpeningRangeSetup\EddiewareOpeningRangeSetup\absorption_breakout_research.py:337: PerformanceWarning: DataFrame is highly fragmented.  This is usually the result of calling `frame.insert` many times, which has poor performance.  Consider joining all columns at once using pd.concat(axis=1) instead. To get a de-fragmented frame, use `newframe = frame.copy()`
  frame["liquidity_absorption_score"] = frame["absorption_pressure_1s"] * (
C:\Users\k_99_\Desktop\codding\OpeningRangeSetup\EddiewareOpeningRangeSetup\EddiewareOpeningRangeSetup\absorption_breakout_research.py:395: PerformanceWarning: DataFrame is highly fragmented.  This is usually the result of calling `frame.insert` many times, which has poor performance.  Consider joining all columns at once using pd.concat(axis=1) instead. To get a de-fragmented frame, use `newframe = frame.copy()`
  merged["family"] = labels[0]
C:\Users\k_99_\Desktop\codding\OpeningRangeSetup\EddiewareOpeningRangeSetup\EddiewareOpeningRangeSetup\absorption_breakout_research.py:396: PerformanceWarning: DataFrame is highly fragmented.  This is usually the result of calling `frame.insert` many times, which has poor performance.  Consider joining all columns at once using pd.concat(axis=1) instead. To get a de-fragmented frame, use `newframe = frame.copy()`
  merged["family_reason"] = labels[1]
C:\Users\k_99_\Desktop\codding\OpeningRangeSetup\EddiewareOpeningRangeSetup\EddiewareOpeningRangeSetup\absorption_breakout_research.py:402: PerformanceWarning: DataFrame is highly fragmented.  This is usually the result of calling `frame.insert` many times, which has poor performance.  Consider joining all columns at once using pd.concat(axis=1) instead. To get a de-fragmented frame, use `newframe = frame.copy()`
  merged["split"] = "holdout"
C:\Users\k_99_\AppData\Local\Programs\Python\Python312\Lib\site-packages\scipy\stats\_axis_nan_policy.py:601: RuntimeWarning: Precision loss occurred in moment calculation due to catastrophic cancellation. This occurs when the data are nearly identical. Results may be unreliable.
  res = hypotest_fun_out(*samples, **kwds)
